<html>
<body>
<pre>
<h1>µVision Build Log</h1>
<h2>Tool Versions:</h2>
IDE-Version: ¦ÌVision V5.14.0.0
Copyright (C) 2015 ARM Ltd and ARM Germany GmbH. All rights reserved.
License Information: gfdoghhoi Lenovo, clxkjkcx, LIC=7YKY8-3JN0D-UME9A-1PZSE-7QG65-YI0TE
 
Tool Versions:
Toolchain:       MDK-ARM Professional  Version: 5.14.0.0
Toolchain Path:  D:\Keil5\ARM\ARMCC\Bin
C Compiler:      Armcc.exe V5.05 update 1 (build 106)
Assembler:       Armasm.exe V5.05 update 1 (build 106)
Linker/Locator:  ArmLink.exe V5.05 update 1 (build 106)
Library Manager: ArmAr.exe V5.05 update 1 (build 106)
Hex Converter:   FromElf.exe V5.05 update 1 (build 106)
CPU DLL:         SARMCM3.DLL V5.14.0.0
Dialog DLL:      DARMSTM.DLL V1.65.0.0
Target DLL:      STLink\ST-LINKIII-KEIL_SWO.dll V2.0.14.0_KEIL
Dialog DLL:      TARMSTM.DLL V1.64.0.0
 
<h2>Project:</h2>
C:\Users\Lenovo\Desktop\ok\³ÌÐò\Project\RVMDK(uV4)\HelTec.uvprojx
Project File Date:  11/01/2022

<h2>Output:</h2>
Rebuild target 'Template'
assembling startup_stm32f10x_hd.s...
compiling core_cm3.c...
compiling system_stm32f10x.c...
compiling misc.c...
compiling stm32f10x_adc.c...
compiling stm32f10x_dac.c...
compiling stm32f10x_dma.c...
compiling stm32f10x_flash.c...
compiling stm32f10x_fsmc.c...
compiling stm32f10x_gpio.c...
compiling stm32f10x_i2c.c...
compiling stm32f10x_rcc.c...
compiling stm32f10x_rtc.c...
compiling stm32f10x_sdio.c...
compiling stm32f10x_tim.c...
compiling stm32f10x_usart.c...
compiling main.c...
..\..\User\main.c(250): warning:  #186-D: pointless comparison of unsigned integer with zero
                if(heart_rate_Max>300||heart_rate_Max<0) 
..\..\User\main.c: 1 warning, 0 errors
compiling stm32f10x_it.c...
compiling OLED_I2C.c...
compiling delay.c...
compiling key.c...
compiling ds1302.c...
compiling ds18b20.c...
compiling iic.c...
compiling adxl345.c...
compiling usart1.c...
compiling myiic.c...
compiling max30102.c...
compiling algorithm.c...
..\..\User\algorithm.c(116): warning:  #68-D: integer conversion resulted in a change of sign
          an_x[k] = -1 * (pun_ir_buffer[k] - un_ir_mean) ;
..\..\User\algorithm.c: 1 warning, 0 errors
compiling timer.c...
compiling max30102_read.c...
compiling stmflash.c...
linking...
Program Size: Code=32908 RO-data=2040 RW-data=2304 ZI-data=6864  
FromELF: creating hex file...
"..\..\Output\HelTec.axf" - 0 Error(s), 2 Warning(s).

<h2>Collection of Component include folders:</h2>
  C:\Users\Lenovo\Desktop\ok\³ÌÐò\Project\RVMDK(uV4)\RTE
  D:\Keil5\ARM\PACK\Keil\STM32F1xx_DFP\1.0.5\Device\Include

<h2>Collection of Component Files used:</h2>
</pre>
</body>
</html>
