Component: ARM Compiler 5.05 update 1 (build 106) Tool: armlink [4d0efa]

==============================================================================

Section Cross References

    startup_stm32f10x_hd.o(RESET) refers to startup_stm32f10x_hd.o(STACK) for __initial_sp
    startup_stm32f10x_hd.o(RESET) refers to startup_stm32f10x_hd.o(.text) for Reset_Handler
    startup_stm32f10x_hd.o(RESET) refers to stm32f10x_it.o(.text) for NMI_Handler
    startup_stm32f10x_hd.o(RESET) refers to main.o(.text) for TIM2_IRQHandler
    startup_stm32f10x_hd.o(RESET) refers to usart1.o(.text) for USART1_IRQHandler
    startup_stm32f10x_hd.o(.text) refers to system_stm32f10x.o(.text) for SystemInit
    startup_stm32f10x_hd.o(.text) refers to entry.o(.ARM.Collect$$$$00000000) for __main
    system_stm32f10x.o(.text) refers to system_stm32f10x.o(.data) for SystemCoreClock
    stm32f10x_adc.o(.text) refers to stm32f10x_rcc.o(.text) for RCC_APB2PeriphResetCmd
    stm32f10x_dac.o(.text) refers to stm32f10x_rcc.o(.text) for RCC_APB1PeriphResetCmd
    stm32f10x_gpio.o(.text) refers to stm32f10x_rcc.o(.text) for RCC_APB2PeriphResetCmd
    stm32f10x_i2c.o(.text) refers to stm32f10x_rcc.o(.text) for RCC_APB1PeriphResetCmd
    stm32f10x_rcc.o(.text) refers to stm32f10x_rcc.o(.data) for APBAHBPrescTable
    stm32f10x_tim.o(.text) refers to stm32f10x_rcc.o(.text) for RCC_APB2PeriphResetCmd
    stm32f10x_usart.o(.text) refers to stm32f10x_rcc.o(.text) for RCC_APB2PeriphResetCmd
    main.o(.text) refers to ds1302.o(.text) for DS1302_DateRead
    main.o(.text) refers to oled_i2c.o(.text) for OLED_ShowChar
    main.o(.text) refers to main.o(.data) for set_value
    main.o(.text) refers to ds1302.o(.data) for SysDate
    main.o(.text) refers to max30102_read.o(.text) for ReadHeartRateSpO2
    main.o(.text) refers to ds18b20.o(.text) for DS18B20_Get_Temp
    main.o(.text) refers to stmflash.o(.text) for STMFLASH_Write
    main.o(.text) refers to delay.o(.text) for Delay_ms
    main.o(.text) refers to strstr.o(.text) for strstr
    main.o(.text) refers to adxl345.o(.text) for adxl345_read_average
    main.o(.text) refers to cfrcmple.o(.text) for __aeabi_cfrcmple
    main.o(.text) refers to fdiv.o(.text) for __aeabi_fdiv
    main.o(.text) refers to fflti.o(.text) for __aeabi_i2f
    main.o(.text) refers to f2d.o(.text) for __aeabi_f2d
    main.o(.text) refers to printfa.o(i.__0sprintf) for __2sprintf
    main.o(.text) refers to main.o(.bss) for display
    main.o(.text) refers to key.o(.text) for KEY_Scan
    main.o(.text) refers to printfa.o(i.__0printf) for __2printf
    main.o(.text) refers to misc.o(.text) for NVIC_PriorityGroupConfig
    main.o(.text) refers to usart1.o(.text) for uart1_Init
    main.o(.text) refers to iic.o(.text) for IIC_init
    main.o(.text) refers to timer.o(.text) for TIM2_Init
    main.o(.text) refers to stm32f10x_tim.o(.text) for TIM_GetITStatus
    oled_i2c.o(.text) refers to stm32f10x_rcc.o(.text) for RCC_APB1PeriphClockCmd
    oled_i2c.o(.text) refers to stm32f10x_gpio.o(.text) for GPIO_Init
    oled_i2c.o(.text) refers to stm32f10x_i2c.o(.text) for I2C_DeInit
    oled_i2c.o(.text) refers to delay.o(.text) for Delay_ms
    oled_i2c.o(.text) refers to oled_i2c.o(.constdata) for F8X16
    oled_i2c.o(.text) refers to oled_i2c.o(.data) for F16x16
    oled_i2c.o(.text) refers to memcpya.o(.text) for __aeabi_memcpy4
    delay.o(.text) refers to misc.o(.text) for SysTick_CLKSourceConfig
    delay.o(.text) refers to system_stm32f10x.o(.data) for SystemCoreClock
    delay.o(.text) refers to delay.o(.data) for fac_us
    key.o(.text) refers to stm32f10x_rcc.o(.text) for RCC_APB2PeriphClockCmd
    key.o(.text) refers to stm32f10x_gpio.o(.text) for GPIO_PinRemapConfig
    key.o(.text) refers to delay.o(.text) for Delay_ms
    key.o(.text) refers to key.o(.data) for key_up
    ds1302.o(.text) refers to stm32f10x_gpio.o(.text) for GPIO_Init
    ds1302.o(.text) refers to stm32f10x_rcc.o(.text) for RCC_APB2PeriphClockCmd
    ds1302.o(.text) refers to delay.o(.text) for Delay_us
    ds18b20.o(.text) refers to delay.o(.text) for Delay_us
    ds18b20.o(.text) refers to stm32f10x_rcc.o(.text) for RCC_APB2PeriphClockCmd
    ds18b20.o(.text) refers to stm32f10x_gpio.o(.text) for GPIO_Init
    ds18b20.o(.text) refers to fflti.o(.text) for __aeabi_i2f
    ds18b20.o(.text) refers to f2d.o(.text) for __aeabi_f2d
    ds18b20.o(.text) refers to dmul.o(.text) for __aeabi_dmul
    ds18b20.o(.text) refers to dfixi.o(.text) for __aeabi_d2iz
    iic.o(.text) refers to stm32f10x_gpio.o(.text) for GPIO_Init
    iic.o(.text) refers to stm32f10x_rcc.o(.text) for RCC_APB2PeriphClockCmd
    iic.o(.text) refers to delay.o(.text) for Delay_us
    adxl345.o(.text) refers to iic.o(.text) for IIC_start
    adxl345.o(.text) refers to fflti.o(.text) for __aeabi_i2f
    adxl345.o(.text) refers to fadd.o(.text) for __aeabi_fadd
    adxl345.o(.text) refers to delay.o(.text) for Delay_ms
    adxl345.o(.text) refers to ffltui.o(.text) for __aeabi_ui2f
[...]
    ../clib/microlib/division.c              0x00000000   Number         0  uldiv.o ABSOLUTE
    ../clib/microlib/init/entry.s            0x00000000   Number         0  entry.o ABSOLUTE
    ../clib/microlib/init/entry.s            0x00000000   Number         0  entry7b.o ABSOLUTE
    ../clib/microlib/init/entry.s            0x00000000   Number         0  entry7a.o ABSOLUTE
    ../clib/microlib/init/entry.s            0x00000000   Number         0  entry5.o ABSOLUTE
    ../clib/microlib/init/entry.s            0x00000000   Number         0  entry9a.o ABSOLUTE
    ../clib/microlib/init/entry.s            0x00000000   Number         0  entry2.o ABSOLUTE
    ../clib/microlib/init/entry.s            0x00000000   Number         0  entry8a.o ABSOLUTE
    ../clib/microlib/init/entry.s            0x00000000   Number         0  entry8b.o ABSOLUTE
    ../clib/microlib/init/entry.s            0x00000000   Number         0  entry9b.o ABSOLUTE
    ../clib/microlib/init/entry.s            0x00000000   Number         0  entry10a.o ABSOLUTE
    ../clib/microlib/init/entry.s            0x00000000   Number         0  entry10b.o ABSOLUTE
    ../clib/microlib/init/entry.s            0x00000000   Number         0  entry11a.o ABSOLUTE
    ../clib/microlib/init/entry.s            0x00000000   Number         0  entry11b.o ABSOLUTE
    ../clib/microlib/longlong.c              0x00000000   Number         0  llsshr.o ABSOLUTE
    ../clib/microlib/longlong.c              0x00000000   Number         0  llshl.o ABSOLUTE
    ../clib/microlib/longlong.c              0x00000000   Number         0  llushr.o ABSOLUTE
    ../clib/microlib/printf/printf.c         0x00000000   Number         0  printf6.o ABSOLUTE
    ../clib/microlib/printf/printf.c         0x00000000   Number         0  printf7.o ABSOLUTE
    ../clib/microlib/printf/printf.c         0x00000000   Number         0  printfa.o ABSOLUTE
    ../clib/microlib/printf/printf.c         0x00000000   Number         0  printf8.o ABSOLUTE
    ../clib/microlib/printf/printf.c         0x00000000   Number         0  printf0.o ABSOLUTE
    ../clib/microlib/printf/printf.c         0x00000000   Number         0  printf1.o ABSOLUTE
    ../clib/microlib/printf/printf.c         0x00000000   Number         0  printf2.o ABSOLUTE
    ../clib/microlib/printf/printf.c         0x00000000   Number         0  printf3.o ABSOLUTE
    ../clib/microlib/printf/printf.c         0x00000000   Number         0  printfb.o ABSOLUTE
    ../clib/microlib/printf/printf.c         0x00000000   Number         0  printf4.o ABSOLUTE
    ../clib/microlib/printf/printf.c         0x00000000   Number         0  printf5.o ABSOLUTE
    ../clib/microlib/printf/stubs.s          0x00000000   Number         0  stubs.o ABSOLUTE
    ../clib/microlib/string/memcpy.c         0x00000000   Number         0  memcpyb.o ABSOLUTE
    ../clib/microlib/string/memcpy.c         0x00000000   Number         0  memcpya.o ABSOLUTE
    ../clib/microlib/string/strstr.c         0x00000000   Number         0  strstr.o ABSOLUTE
    ../clib/microlib/stubs.s                 0x00000000   Number         0  iusefp.o ABSOLUTE
    ../clib/microlib/stubs.s                 0x00000000   Number         0  useno.o ABSOLUTE
    ../fplib/microlib/f2d.c                  0x00000000   Number         0  f2d.o ABSOLUTE
    ../fplib/microlib/fpadd.c                0x00000000   Number         0  fadd.o ABSOLUTE
    ../fplib/microlib/fpadd.c                0x00000000   Number         0  dadd.o ABSOLUTE
    ../fplib/microlib/fpdiv.c                0x00000000   Number         0  fdiv.o ABSOLUTE
    ../fplib/microlib/fpdiv.c                0x00000000   Number         0  ddiv.o ABSOLUTE
    ../fplib/microlib/fpepilogue.c           0x00000000   Number         0  fepilogue.o ABSOLUTE
    ../fplib/microlib/fpepilogue.c           0x00000000   Number         0  depilogue.o ABSOLUTE
    ../fplib/microlib/fpfix.c                0x00000000   Number         0  dfixul.o ABSOLUTE
    ../fplib/microlib/fpfix.c                0x00000000   Number         0  ffixi.o ABSOLUTE
    ../fplib/microlib/fpfix.c                0x00000000   Number         0  dfixi.o ABSOLUTE
    ../fplib/microlib/fpflt.c                0x00000000   Number         0  fflti.o ABSOLUTE
    ../fplib/microlib/fpflt.c                0x00000000   Number         0  ffltui.o ABSOLUTE
    ../fplib/microlib/fpmul.c                0x00000000   Number         0  fmul.o ABSOLUTE
    ../fplib/microlib/fpmul.c                0x00000000   Number         0  dmul.o ABSOLUTE
    ..\..\Libraries\CMSIS\core_cm3.c         0x00000000   Number         0  core_cm3.o ABSOLUTE
    ..\..\Libraries\CMSIS\startup\startup_stm32f10x_hd.s 0x00000000   Number         0  startup_stm32f10x_hd.o ABSOLUTE
    ..\..\Libraries\CMSIS\system_stm32f10x.c 0x00000000   Number         0  system_stm32f10x.o ABSOLUTE
    ..\..\Libraries\src\misc.c               0x00000000   Number         0  misc.o ABSOLUTE
    ..\..\Libraries\src\stm32f10x_adc.c      0x00000000   Number         0  stm32f10x_adc.o ABSOLUTE
    ..\..\Libraries\src\stm32f10x_dac.c      0x00000000   Number         0  stm32f10x_dac.o ABSOLUTE
    ..\..\Libraries\src\stm32f10x_dma.c      0x00000000   Number         0  stm32f10x_dma.o ABSOLUTE
    ..\..\Libraries\src\stm32f10x_flash.c    0x00000000   Number         0  stm32f10x_flash.o ABSOLUTE
    ..\..\Libraries\src\stm32f10x_fsmc.c     0x00000000   Number         0  stm32f10x_fsmc.o ABSOLUTE
    ..\..\Libraries\src\stm32f10x_gpio.c     0x00000000   Number         0  stm32f10x_gpio.o ABSOLUTE
    ..\..\Libraries\src\stm32f10x_i2c.c      0x00000000   Number         0  stm32f10x_i2c.o ABSOLUTE
    ..\..\Libraries\src\stm32f10x_rcc.c      0x00000000   Number         0  stm32f10x_rcc.o ABSOLUTE
    ..\..\Libraries\src\stm32f10x_rtc.c      0x00000000   Number         0  stm32f10x_rtc.o ABSOLUTE
    ..\..\Libraries\src\stm32f10x_sdio.c     0x00000000   Number         0  stm32f10x_sdio.o ABSOLUTE
    ..\..\Libraries\src\stm32f10x_tim.c      0x00000000   Number         0  stm32f10x_tim.o ABSOLUTE
    ..\..\Libraries\src\stm32f10x_usart.c    0x00000000   Number         0  stm32f10x_usart.o ABSOLUTE
    ..\..\User\OLED_I2C.c                    0x00000000   Number         0  oled_i2c.o ABSOLUTE
    ..\..\User\adxl345.c                     0x00000000   Number         0  adxl345.o ABSOLUTE
    ..\..\User\algorithm.c                   0x00000000   Number         0  algorithm.o ABSOLUTE
    ..\..\User\delay.c                       0x00000000   Number         0  delay.o ABSOLUTE
    ..\..\User\ds1302.c                      0x00000000   Number         0  ds1302.o ABSOLUTE
    ..\..\User\ds18b20.c                     0x00000000   Number         0  ds18b20.o ABSOLUTE
    ..\..\User\iic.c                         0x00000000   Number         0  iic.o ABSOLUTE
    ..\..\User\key.c                         0x00000000   Number         0  key.o ABSOLUTE
    ..\..\User\main.c                        0x00000000   Number         0  main.o ABSOLUTE
    ..\..\User\max30102.c                    0x00000000   Number         0  max30102.o ABSOLUTE
    ..\..\User\max30102_read.c               0x00000000   Number         0  max30102_read.o ABSOLUTE
    ..\..\User\myiic.c                       0x00000000   Number         0  myiic.o ABSOLUTE
    ..\..\User\stm32f10x_it.c                0x00000000   Number         0  stm32f10x_it.o ABSOLUTE
    ..\..\User\stmflash.c                    0x00000000   Number         0  stmflash.o ABSOLUTE
    ..\..\User\timer.c                       0x00000000   Number         0  timer.o ABSOLUTE
    ..\..\User\usart1.c                      0x00000000   Number         0  usart1.o ABSOLUTE
    ..\\..\\Libraries\\CMSIS\\core_cm3.c     0x00000000   Number         0  core_cm3.o ABSOLUTE
    cdrcmple.s                               0x00000000   Number         0  cdrcmple.o ABSOLUTE
    cfcmple.s                                0x00000000   Number         0  cfcmple.o ABSOLUTE
    cfrcmple.s                               0x00000000   Number         0  cfrcmple.o ABSOLUTE
    dc.s                                     0x00000000   Number         0  dc.o ABSOLUTE
    handlers.s                               0x00000000   Number         0  handlers.o ABSOLUTE
    init.s                                   0x00000000   Number         0  init.o ABSOLUTE
    RESET                                    0x08000000   Section      304  startup_stm32f10x_hd.o(RESET)
    .ARM.Collect$$$$00000000                 0x08000130   Section        0  entry.o(.ARM.Collect$$$$00000000)
    .ARM.Collect$$$$00000001                 0x08000130   Section        4  entry2.o(.ARM.Collect$$$$00000001)
    .ARM.Collect$$$$00000004                 0x08000134   Section        4  entry5.o(.ARM.Collect$$$$00000004)
    .ARM.Collect$$$$00000008                 0x08000138   Section        0  entry7b.o(.ARM.Collect$$$$00000008)
    .ARM.Collect$$$$0000000A                 0x08000138   Section        0  entry8b.o(.ARM.Collect$$$$0000000A)
    .ARM.Collect$$$$0000000B                 0x08000138   Section        8  entry9a.o(.ARM.Collect$$$$0000000B)
    .ARM.Collect$$$$0000000D                 0x08000140   Section        0  entry10a.o(.ARM.Collect$$$$0000000D)
    .ARM.Collect$$$$0000000F                 0x08000140   Section        0  entry11a.o(.ARM.Collect$$$$0000000F)
    .ARM.Collect$$$$00002712                 0x08000140   Section        4  entry2.o(.ARM.Collect$$$$00002712)
    __lit__00000000                          0x08000140   Data           4  entry2.o(.ARM.Collect$$$$00002712)
    .text                                    0x08000144   Section       36  startup_stm32f10x_hd.o(.text)
    .text                                    0x08000168   Section        0  system_stm32f10x.o(.text)
    SetSysClockTo72                          0x08000169   Thumb Code   214  system_stm32f10x.o(.text)
    SetSysClock                              0x0800023f   Thumb Code     8  system_stm32f10x.o(.text)
    .text                                    0x08000348   Section        0  misc.o(.text)
    .text                                    0x08000424   Section        0  stm32f10x_flash.o(.text)
    .text                                    0x080009e0   Section        0  stm32f10x_gpio.o(.text)
    .text                                    0x08000d3c   Section        0  stm32f10x_i2c.o(.text)
    .text                                    0x08001140   Section        0  stm32f10x_rcc.o(.text)
    .text                                    0x080014e4   Section        0  stm32f10x_tim.o(.text)
    TI4_Config                               0x0800198b   Thumb Code   130  stm32f10x_tim.o(.text)
    TI3_Config                               0x08001a1f   Thumb Code   122  stm32f10x_tim.o(.text)
    TI2_Config                               0x08001ab3   Thumb Code   130  stm32f10x_tim.o(.text)
    TI1_Config                               0x08001b47   Thumb Code   108  stm32f10x_tim.o(.text)
    .text                                    0x08002300   Section        0  stm32f10x_usart.o(.text)
    .text                                    0x08002708   Section        0  main.o(.text)
    .text                                    0x08004b20   Section        0  stm32f10x_it.o(.text)
    .text                                    0x08004b3c   Section        0  oled_i2c.o(.text)
    .text                                    0x08005044   Section        0  delay.o(.text)
    .text                                    0x08005130   Section        0  key.o(.text)
    .text                                    0x080052b0   Section        0  ds1302.o(.text)
    .text                                    0x0800570c   Section        0  ds18b20.o(.text)
    .text                                    0x08005978   Section        0  iic.o(.text)
    .text                                    0x08005b94   Section        0  adxl345.o(.text)
    .text                                    0x08005d78   Section        0  usart1.o(.text)
    .text                                    0x08005f2c   Section        0  myiic.o(.text)
    i2c_Delay                                0x08005f2d   Thumb Code    14  myiic.o(.text)
    .text                                    0x08006144   Section        0  max30102.o(.text)
    .text                                    0x08006364   Section        0  algorithm.o(.text)
    .text                                    0x08006894   Section        0  timer.o(.text)
    .text                                    0x080068ec   Section        0  max30102_read.o(.text)
    .text                                    0x08006eb4   Section        0  stmflash.o(.text)
    .text                                    0x08006ff8   Section        0  memcpya.o(.text)
    .text                                    0x0800701c   Section        0  strstr.o(.text)
    .text                                    0x08007040   Section        0  fadd.o(.text)
    .text                                    0x080070f0   Section        0  fmul.o(.text)
    .text                                    0x08007154   Section        0  fdiv.o(.text)
    .text                                    0x080071d0   Section        0  dmul.o(.text)
    .text                                    0x080072b4   Section        0  fflti.o(.text)
    .text                                    0x080072c6   Section        0  ffltui.o(.text)
    .text                                    0x080072d0   Section        0  ffixi.o(.text)
    .text                                    0x08007302   Section        0  dfixi.o(.text)
    .text                                    0x08007340   Section        0  f2d.o(.text)
    .text                                    0x08007368   Section       20  cfcmple.o(.text)
    .text                                    0x0800737c   Section       20  cfrcmple.o(.text)
    .text                                    0x08007390   Section        0  uidiv.o(.text)
    .text                                    0x080073bc   Section        0  uldiv.o(.text)
    .text                                    0x0800741e   Section        0  llushr.o(.text)
    .text                                    0x0800743e   Section        0  iusefp.o(.text)
    .text                                    0x0800743e   Section        0  fepilogue.o(.text)
    .text                                    0x080074ac   Section        0  depilogue.o(.text)
    .text                                    0x08007566   Section        0  dadd.o(.text)
    .text                                    0x080076b4   Section        0  ddiv.o(.text)
    .text                                    0x08007792   Section        0  dfixul.o(.text)
    .text                                    0x080077c4   Section       48  cdrcmple.o(.text)
    .text                                    0x080077f4   Section       36  init.o(.text)
    .text                                    0x08007818   Section        0  llshl.o(.text)
    .text                                    0x08007836   Section        0  llsshr.o(.text)
    .text                                    0x0800785a   Section        0  __dclz77c.o(.text)
    i.__0printf                              0x080078b8   Section        0  printfa.o(i.__0printf)
    i.__0sprintf                             0x080078d8   Section        0  printfa.o(i.__0sprintf)
    i.__scatterload_copy                     0x08007900   Section       14  handlers.o(i.__scatterload_copy)
    i.__scatterload_null                     0x0800790e   Section        2  handlers.o(i.__scatterload_null)
    i.__scatterload_zeroinit                 0x08007910   Section       14  handlers.o(i.__scatterload_zeroinit)
    i._fp_digits                             0x08007920   Section        0  printfa.o(i._fp_digits)
    _fp_digits                               0x08007921   Thumb Code   334  printfa.o(i._fp_digits)
    i._printf_core                           0x08007a84   Section        0  printfa.o(i._printf_core)
    _printf_core                             0x08007a85   Thumb Code  1744  printfa.o(i._printf_core)
    i._printf_post_padding                   0x08008160   Section        0  printfa.o(i._printf_post_padding)
    _printf_post_padding                     0x08008161   Thumb Code    36  printfa.o(i._printf_post_padding)
    i._printf_pre_padding                    0x08008184   Section        0  printfa.o(i._printf_pre_padding)
    _printf_pre_padding                      0x08008185   Thumb Code    46  printfa.o(i._printf_pre_padding)
    i._sputc                                 0x080081b2   Section        0  printfa.o(i._sputc)
    _sputc                                   0x080081b3   Thumb Code    10  printfa.o(i._sputc)
    .constdata                               0x080081bc   Section     1520  oled_i2c.o(.constdata)
    .constdata                               0x080087ac   Section      184  algorithm.o(.constdata)
    .data                                    0x20000000   Section       20  system_stm32f10x.o(.data)
    .data                                    0x20000014   Section       20  stm32f10x_rcc.o(.data)
    APBAHBPrescTable                         0x20000014   Data          16  stm32f10x_rcc.o(.data)
    ADCPrescTable                            0x20000024   Data           4  stm32f10x_rcc.o(.data)
    .data                                    0x20000028   Section      107  main.o(.data)
    tempvalue                                0x20000084   Data           2  main.o(.data)
    pressCount                               0x20000086   Data           2  main.o(.data)
    flag1                                    0x20000088   Data           1  main.o(.data)
    flag2                                    0x20000089   Data           1  main.o(.data)
    timeCount1                               0x2000008a   Data           2  main.o(.data)
    timeCount2                               0x2000008c   Data           2  main.o(.data)
    timeCount3                               0x2000008e   Data           2  main.o(.data)
    timeCount4                               0x20000090   Data           2  main.o(.data)
    bufferCount                              0x20000092   Data           1  main.o(.data)
    .data                                    0x20000093   Section     2048  oled_i2c.o(.data)
    .data                                    0x20000894   Section        4  delay.o(.data)
    fac_us                                   0x20000894   Data           1  delay.o(.data)
    fac_ms                                   0x20000896   Data           2  delay.o(.data)
    .data                                    0x20000898   Section        1  key.o(.data)
    key_up                                   0x20000898   Data           1  key.o(.data)
    .data                                    0x2000089a   Section        8  ds1302.o(.data)
    .data                                    0x200008a4   Section       10  usart1.o(.data)
    .data                                    0x200008b0   Section       77  max30102_read.o(.data)
    COUNT                                    0x200008fc   Data           1  max30102_read.o(.data)
    .bss                                     0x20000900   Section       16  main.o(.bss)
    .bss                                     0x20000910   Section       48  usart1.o(.bss)
    .bss                                     0x20000940   Section     1200  algorithm.o(.bss)
    an_x                                     0x20000940   Data         600  algorithm.o(.bss)
    an_y                                     0x20000b98   Data         600  algorithm.o(.bss)
    .bss                                     0x20000df0   Section     2528  max30102_read.o(.bss)
    an_x                                     0x20000df0   Data         600  max30102_read.o(.bss)
    an_y                                     0x20001048   Data         600  max30102_read.o(.bss)
    .bss                                     0x200017d0   Section     2048  stmflash.o(.bss)
    STACK                                    0x20001fd0   Section     1024  startup_stm32f10x_hd.o(STACK)

    Global Symbols

    Symbol Name                              Value     Ov Type        Size  Object(Section)

    BuildAttributes$$THM_ISAv4$P$D$K$B$S$PE$A:L22UL41UL21$X:L11$S22US41US21$IEEE1$IW$USESV6$~STKCKD$USESV7$~SHL$OTIME$ROPI$EBA8$MICROLIB$REQ8$PRES8$EABIv2 0x00000000   Number         0  anon$$obj.o ABSOLUTE
    __ARM_use_no_argv                        0x00000000   Number         0  main.o ABSOLUTE
    __use_no_errno                           0x00000000   Number         0  useno.o ABSOLUTE
    __use_no_exception_handling              0x00000000   Number         0  useno.o ABSOLUTE
    __use_no_fp                              0x00000000   Number         0  useno.o ABSOLUTE
    __use_no_heap                            0x00000000   Number         0  useno.o ABSOLUTE
    __use_no_heap_region                     0x00000000   Number         0  useno.o ABSOLUTE
    __use_no_semihosting                     0x00000000   Number         0  useno.o ABSOLUTE
    __use_no_semihosting_swi                 0x00000000   Number         0  useno.o ABSOLUTE
    __use_no_signal_handling                 0x00000000   Number         0  useno.o ABSOLUTE
    _printf_a                                0x00000000   Number         0  stubs.o ABSOLUTE
    _printf_c                                0x00000000   Number         0  stubs.o ABSOLUTE
    _printf_charcount                        0x00000000   Number         0  stubs.o ABSOLUTE
    _printf_d                                0x00000000   Number         0  stubs.o ABSOLUTE
    _printf_e                                0x00000000   Number         0  stubs.o ABSOLUTE
    _printf_f                                0x00000000   Number         0  stubs.o ABSOLUTE
    _printf_flags                            0x00000000   Number         0  stubs.o ABSOLUTE
    _printf_fp_dec                           0x00000000   Number         0  stubs.o ABSOLUTE
    _printf_fp_hex                           0x00000000   Number         0  stubs.o ABSOLUTE
    _printf_g                                0x00000000   Number         0  stubs.o ABSOLUTE
    _printf_i                                0x00000000   Number         0  stubs.o ABSOLUTE
    _printf_int_dec                          0x00000000   Number         0  stubs.o ABSOLUTE
    _printf_l                                0x00000000   Number         0  stubs.o ABSOLUTE
    _printf_lc                               0x00000000   Number         0  stubs.o ABSOLUTE
    _printf_ll                               0x00000000   Number         0  stubs.o ABSOLUTE
    _printf_lld                              0x00000000   Number         0  stubs.o ABSOLUTE
    _printf_lli                              0x00000000   Number         0  stubs.o ABSOLUTE
    _printf_llo                              0x00000000   Number         0  stubs.o ABSOLUTE
    _printf_llu                              0x00000000   Number         0  stubs.o ABSOLUTE
    _printf_llx                              0x00000000   Number         0  stubs.o ABSOLUTE
    _printf_longlong_dec                     0x00000000   Number         0  stubs.o ABSOLUTE
    _printf_longlong_hex                     0x00000000   Number         0  stubs.o ABSOLUTE
    _printf_longlong_oct                     0x00000000   Number         0  stubs.o ABSOLUTE
    _printf_ls                               0x00000000   Number         0  stubs.o ABSOLUTE
    _printf_mbtowc                           0x00000000   Number         0  stubs.o ABSOLUTE
    _printf_n                                0x00000000   Number         0  stubs.o ABSOLUTE
    _printf_o                                0x00000000   Number         0  stubs.o ABSOLUTE
    _printf_p                                0x00000000   Number         0  stubs.o ABSOLUTE
    _printf_percent                          0x00000000   Number         0  stubs.o ABSOLUTE
    _printf_pre_padding                      0x00000000   Number         0  stubs.o ABSOLUTE
    _printf_return_value                     0x00000000   Number         0  stubs.o ABSOLUTE
    _printf_s                                0x00000000   Number         0  stubs.o ABSOLUTE
    _printf_sizespec                         0x00000000   Number         0  stubs.o ABSOLUTE
    _printf_str                              0x00000000   Number         0  stubs.o ABSOLUTE
    _printf_truncate_signed                  0x00000000   Number         0  stubs.o ABSOLUTE
    _printf_truncate_unsigned                0x00000000   Number         0  stubs.o ABSOLUTE
    _printf_u                                0x00000000   Number         0  stubs.o ABSOLUTE
    _printf_wc                               0x00000000   Number         0  stubs.o ABSOLUTE
    _printf_wctomb                           0x00000000   Number         0  stubs.o ABSOLUTE
    _printf_widthprec                        0x00000000   Number         0  stubs.o ABSOLUTE
    _printf_x                                0x00000000   Number         0  stubs.o ABSOLUTE
    __cpp_initialize__aeabi_                  - Undefined Weak Reference
    __cxa_finalize                            - Undefined Weak Reference
    _clock_init                               - Undefined Weak Reference
    _microlib_exit                            - Undefined Weak Reference
    __Vectors_Size                           0x00000130   Number         0  startup_stm32f10x_hd.o ABSOLUTE
    __Vectors                                0x08000000   Data           4  startup_stm32f10x_hd.o(RESET)
    __Vectors_End                            0x08000130   Data           0  startup_stm32f10x_hd.o(RESET)
    __main                                   0x08000131   Thumb Code     0  entry.o(.ARM.Collect$$$$00000000)
    _main_stk                                0x08000131   Thumb Code     0  entry2.o(.ARM.Collect$$$$00000001)
    _main_scatterload                        0x08000135   Thumb Code     0  entry5.o(.ARM.Collect$$$$00000004)
    __main_after_scatterload                 0x08000139   Thumb Code     0  entry5.o(.ARM.Collect$$$$00000004)
    _main_clock                              0x08000139   Thumb Code     0  entry7b.o(.ARM.Collect$$$$00000008)
    _main_cpp_init                           0x08000139   Thumb Code     0  entry8b.o(.ARM.Collect$$$$0000000A)
    _main_init                               0x08000139   Thumb Code     0  entry9a.o(.ARM.Collect$$$$0000000B)
    __rt_final_cpp                           0x08000141   Thumb Code     0  entry10a.o(.ARM.Collect$$$$0000000D)
    __rt_final_exit                          0x08000141   Thumb Code     0  entry11a.o(.ARM.Collect$$$$0000000F)
    Reset_Handler                            0x08000145   Thumb Code     8  startup_stm32f10x_hd.o(.text)
    ADC1_2_IRQHandler                        0x0800015f   Thumb Code     0  startup_stm32f10x_hd.o(.text)
    ADC3_IRQHandler                          0x0800015f   Thumb Code     0  startup_stm32f10x_hd.o(.text)
    CAN1_RX1_IRQHandler                      0x0800015f   Thumb Code     0  startup_stm32f10x_hd.o(.text)
    CAN1_SCE_IRQHandler                      0x0800015f   Thumb Code     0  startup_stm32f10x_hd.o(.text)
    DMA1_Channel1_IRQHandler                 0x0800015f   Thumb Code     0  startup_stm32f10x_hd.o(.text)
    DMA1_Channel2_IRQHandler                 0x0800015f   Thumb Code     0  startup_stm32f10x_hd.o(.text)
    DMA1_Channel3_IRQHandler                 0x0800015f   Thumb Code     0  startup_stm32f10x_hd.o(.text)
    DMA1_Channel4_IRQHandler                 0x0800015f   Thumb Code     0  startup_stm32f10x_hd.o(.text)
    DMA1_Channel5_IRQHandler                 0x0800015f   Thumb Code     0  startup_stm32f10x_hd.o(.text)
    DMA1_Channel6_IRQHandler                 0x0800015f   Thumb Code     0  startup_stm32f10x_hd.o(.text)
    DMA1_Channel7_IRQHandler                 0x0800015f   Thumb Code     0  startup_stm32f10x_hd.o(.text)
    DMA2_Channel1_IRQHandler                 0x0800015f   Thumb Code     0  startup_stm32f10x_hd.o(.text)
    DMA2_Channel2_IRQHandler                 0x0800015f   Thumb Code     0  startup_stm32f10x_hd.o(.text)
    DMA2_Channel3_IRQHandler                 0x0800015f   Thumb Code     0  startup_stm32f10x_hd.o(.text)
    DMA2_Channel4_5_IRQHandler               0x0800015f   Thumb Code     0  startup_stm32f10x_hd.o(.text)
    EXTI0_IRQHandler                         0x0800015f   Thumb Code     0  startup_stm32f10x_hd.o(.text)
    EXTI15_10_IRQHandler                     0x0800015f   Thumb Code     0  startup_stm32f10x_hd.o(.text)
    EXTI1_IRQHandler                         0x0800015f   Thumb Code     0  startup_stm32f10x_hd.o(.text)
    EXTI2_IRQHandler                         0x0800015f   Thumb Code     0  startup_stm32f10x_hd.o(.text)
    EXTI3_IRQHandler                         0x0800015f   Thumb Code     0  startup_stm32f10x_hd.o(.text)
    EXTI4_IRQHandler                         0x0800015f   Thumb Code     0  startup_stm32f10x_hd.o(.text)
    EXTI9_5_IRQHandler                       0x0800015f   Thumb Code     0  startup_stm32f10x_hd.o(.text)
    FLASH_IRQHandler                         0x0800015f   Thumb Code     0  startup_stm32f10x_hd.o(.text)
    FSMC_IRQHandler                          0x0800015f   Thumb Code     0  startup_stm32f10x_hd.o(.text)
    I2C1_ER_IRQHandler                       0x0800015f   Thumb Code     0  startup_stm32f10x_hd.o(.text)
    I2C1_EV_IRQHandler                       0x0800015f   Thumb Code     0  startup_stm32f10x_hd.o(.text)
    I2C2_ER_IRQHandler                       0x0800015f   Thumb Code     0  startup_stm32f10x_hd.o(.text)
    I2C2_EV_IRQHandler                       0x0800015f   Thumb Code     0  startup_stm32f10x_hd.o(.text)
    PVD_IRQHandler                           0x0800015f   Thumb Code     0  startup_stm32f10x_hd.o(.text)
    RCC_IRQHandler                           0x0800015f   Thumb Code     0  startup_stm32f10x_hd.o(.text)
    RTCAlarm_IRQHandler                      0x0800015f   Thumb Code     0  startup_stm32f10x_hd.o(.text)
    RTC_IRQHandler                           0x0800015f   Thumb Code     0  startup_stm32f10x_hd.o(.text)
    SDIO_IRQHandler                          0x0800015f   Thumb Code     0  startup_stm32f10x_hd.o(.text)
    SPI1_IRQHandler                          0x0800015f   Thumb Code     0  startup_stm32f10x_hd.o(.text)
    SPI2_IRQHandler                          0x0800015f   Thumb Code     0  startup_stm32f10x_hd.o(.text)
    SPI3_IRQHandler                          0x0800015f   Thumb Code     0  startup_stm32f10x_hd.o(.text)
    TAMPER_IRQHandler                        0x0800015f   Thumb Code     0  startup_stm32f10x_hd.o(.text)
    TIM1_BRK_IRQHandler                      0x0800015f   Thumb Code     0  startup_stm32f10x_hd.o(.text)
    TIM1_CC_IRQHandler                       0x0800015f   Thumb Code     0  startup_stm32f10x_hd.o(.text)
    TIM1_TRG_COM_IRQHandler                  0x0800015f   Thumb Code     0  startup_stm32f10x_hd.o(.text)
    TIM1_UP_IRQHandler                       0x0800015f   Thumb Code     0  startup_stm32f10x_hd.o(.text)
    TIM3_IRQHandler                          0x0800015f   Thumb Code     0  startup_stm32f10x_hd.o(.text)
    TIM4_IRQHandler                          0x0800015f   Thumb Code     0  startup_stm32f10x_hd.o(.text)
    TIM5_IRQHandler                          0x0800015f   Thumb Code     0  startup_stm32f10x_hd.o(.text)
    TIM6_IRQHandler                          0x0800015f   Thumb Code     0  startup_stm32f10x_hd.o(.text)
    TIM7_IRQHandler                          0x0800015f   Thumb Code     0  startup_stm32f10x_hd.o(.text)
    TIM8_BRK_IRQHandler                      0x0800015f   Thumb Code     0  startup_stm32f10x_hd.o(.text)
    TIM8_CC_IRQHandler                       0x0800015f   Thumb Code     0  startup_stm32f10x_hd.o(.text)
    TIM8_TRG_COM_IRQHandler                  0x0800015f   Thumb Code     0  startup_stm32f10x_hd.o(.text)
    TIM8_UP_IRQHandler                       0x0800015f   Thumb Code     0  startup_stm32f10x_hd.o(.text)
    UART4_IRQHandler                         0x0800015f   Thumb Code     0  startup_stm32f10x_hd.o(.text)
    UART5_IRQHandler                         0x0800015f   Thumb Code     0  startup_stm32f10x_hd.o(.text)
    USART2_IRQHandler                        0x0800015f   Thumb Code     0  startup_stm32f10x_hd.o(.text)
    USART3_IRQHandler                        0x0800015f   Thumb Code     0  startup_stm32f10x_hd.o(.text)
    USBWakeUp_IRQHandler                     0x0800015f   Thumb Code     0  startup_stm32f10x_hd.o(.text)
    USB_HP_CAN1_TX_IRQHandler                0x0800015f   Thumb Code     0  startup_stm32f10x_hd.o(.text)
    USB_LP_CAN1_RX0_IRQHandler               0x0800015f   Thumb Code     0  startup_stm32f10x_hd.o(.text)
    WWDG_IRQHandler                          0x0800015f   Thumb Code     0  startup_stm32f10x_hd.o(.text)
    SystemInit                               0x08000247   Thumb Code    78  system_stm32f10x.o(.text)
    SystemCoreClockUpdate                    0x08000295   Thumb Code   142  system_stm32f10x.o(.text)
    NVIC_PriorityGroupConfig                 0x08000349   Thumb Code    10  misc.o(.text)
    NVIC_Init                                0x08000353   Thumb Code   100  misc.o(.text)
    NVIC_SetVectorTable                      0x080003b7   Thumb Code    14  misc.o(.text)
    NVIC_SystemLPConfig                      0x080003c5   Thumb Code    34  misc.o(.text)
    SysTick_CLKSourceConfig                  0x080003e7   Thumb Code    40  misc.o(.text)
    FLASH_SetLatency                         0x08000425   Thumb Code    18  stm32f10x_flash.o(.text)
    FLASH_HalfCycleAccessCmd                 0x08000437   Thumb Code    22  stm32f10x_flash.o(.text)
    FLASH_PrefetchBufferCmd                  0x0800044d   Thumb Code    22  stm32f10x_flash.o(.text)
    FLASH_Unlock                             0x08000463   Thumb Code    12  stm32f10x_flash.o(.text)
    FLASH_UnlockBank1                        0x0800046f   Thumb Code    12  stm32f10x_flash.o(.text)
    FLASH_Lock                               0x0800047b   Thumb Code    14  stm32f10x_flash.o(.text)
    FLASH_LockBank1                          0x08000489   Thumb Code    14  stm32f10x_flash.o(.text)
    FLASH_GetBank1Status                     0x08000497   Thumb Code    48  stm32f10x_flash.o(.text)
    FLASH_WaitForLastOperation               0x080004c7   Thumb Code    38  stm32f10x_flash.o(.text)
    FLASH_ErasePage                          0x080004ed   Thumb Code    72  stm32f10x_flash.o(.text)
    FLASH_EraseAllPages                      0x08000535   Thumb Code    68  stm32f10x_flash.o(.text)
    FLASH_WaitForLastBank1Operation          0x08000579   Thumb Code    38  stm32f10x_flash.o(.text)
    FLASH_EraseAllBank1Pages                 0x0800059f   Thumb Code    68  stm32f10x_flash.o(.text)
    FLASH_GetReadOutProtectionStatus         0x080005e3   Thumb Code    20  stm32f10x_flash.o(.text)
    FLASH_EraseOptionBytes                   0x080005f7   Thumb Code   150  stm32f10x_flash.o(.text)
    FLASH_ProgramWord                        0x0800068d   Thumb Code   102  stm32f10x_flash.o(.text)
    FLASH_ProgramHalfWord                    0x080006f3   Thumb Code    60  stm32f10x_flash.o(.text)
    FLASH_ProgramOptionByteData              0x0800072f   Thumb Code    72  stm32f10x_flash.o(.text)
    FLASH_EnableWriteProtection              0x08000777   Thumb Code   200  stm32f10x_flash.o(.text)
    FLASH_ReadOutProtection                  0x0800083f   Thumb Code   156  stm32f10x_flash.o(.text)
    FLASH_UserOptionByteConfig               0x080008db   Thumb Code    88  stm32f10x_flash.o(.text)
    FLASH_GetUserOptionByte                  0x08000933   Thumb Code     8  stm32f10x_flash.o(.text)
    FLASH_GetWriteProtectionOptionByte       0x0800093b   Thumb Code     6  stm32f10x_flash.o(.text)
    FLASH_GetPrefetchBufferStatus            0x08000941   Thumb Code    20  stm32f10x_flash.o(.text)
    FLASH_ITConfig                           0x08000955   Thumb Code    26  stm32f10x_flash.o(.text)
    FLASH_GetFlagStatus                      0x0800096f   Thumb Code    42  stm32f10x_flash.o(.text)
    FLASH_ClearFlag                          0x08000999   Thumb Code     6  stm32f10x_flash.o(.text)
    FLASH_GetStatus                          0x0800099f   Thumb Code    48  stm32f10x_flash.o(.text)
    GPIO_DeInit                              0x080009e1   Thumb Code   172  stm32f10x_gpio.o(.text)
    GPIO_AFIODeInit                          0x08000a8d   Thumb Code    20  stm32f10x_gpio.o(.text)
    GPIO_Init                                0x08000aa1   Thumb Code   278  stm32f10x_gpio.o(.text)
    GPIO_StructInit                          0x08000bb7   Thumb Code    16  stm32f10x_gpio.o(.text)
    GPIO_ReadInputDataBit                    0x08000bc7   Thumb Code    18  stm32f10x_gpio.o(.text)
    GPIO_ReadInputData                       0x08000bd9   Thumb Code     8  stm32f10x_gpio.o(.text)
    GPIO_ReadOutputDataBit                   0x08000be1   Thumb Code    18  stm32f10x_gpio.o(.text)
    GPIO_ReadOutputData                      0x08000bf3   Thumb Code     8  stm32f10x_gpio.o(.text)
    GPIO_SetBits                             0x08000bfb   Thumb Code     4  stm32f10x_gpio.o(.text)
    GPIO_ResetBits                           0x08000bff   Thumb Code     4  stm32f10x_gpio.o(.text)
    GPIO_WriteBit                            0x08000c03   Thumb Code    10  stm32f10x_gpio.o(.text)
    GPIO_Write                               0x08000c0d   Thumb Code     4  stm32f10x_gpio.o(.text)
    GPIO_PinLockConfig                       0x08000c11   Thumb Code    18  stm32f10x_gpio.o(.text)
    GPIO_EventOutputConfig                   0x08000c23   Thumb Code    26  stm32f10x_gpio.o(.text)
    GPIO_EventOutputCmd                      0x08000c3d   Thumb Code     6  stm32f10x_gpio.o(.text)
    GPIO_PinRemapConfig                      0x08000c43   Thumb Code   138  stm32f10x_gpio.o(.text)
    GPIO_EXTILineConfig                      0x08000ccd   Thumb Code    66  stm32f10x_gpio.o(.text)
    GPIO_ETH_MediaInterfaceConfig            0x08000d0f   Thumb Code     8  stm32f10x_gpio.o(.text)
    I2C_DeInit                               0x08000d3d   Thumb Code    50  stm32f10x_i2c.o(.text)
    I2C_Init                                 0x08000d6f   Thumb Code   222  stm32f10x_i2c.o(.text)
    I2C_StructInit                           0x08000e4d   Thumb Code    30  stm32f10x_i2c.o(.text)
    I2C_Cmd                                  0x08000e6b   Thumb Code    24  stm32f10x_i2c.o(.text)
    I2C_DMACmd                               0x08000e83   Thumb Code    24  stm32f10x_i2c.o(.text)
    I2C_DMALastTransferCmd                   0x08000e9b   Thumb Code    24  stm32f10x_i2c.o(.text)
    I2C_GenerateSTART                        0x08000eb3   Thumb Code    24  stm32f10x_i2c.o(.text)
    I2C_GenerateSTOP                         0x08000ecb   Thumb Code    24  stm32f10x_i2c.o(.text)
    I2C_AcknowledgeConfig                    0x08000ee3   Thumb Code    24  stm32f10x_i2c.o(.text)
    I2C_OwnAddress2Config                    0x08000efb   Thumb Code    22  stm32f10x_i2c.o(.text)
    I2C_DualAddressCmd                       0x08000f11   Thumb Code    24  stm32f10x_i2c.o(.text)
    I2C_GeneralCallCmd                       0x08000f29   Thumb Code    24  stm32f10x_i2c.o(.text)
    I2C_ITConfig                             0x08000f41   Thumb Code    18  stm32f10x_i2c.o(.text)
    I2C_SendData                             0x08000f53   Thumb Code     4  stm32f10x_i2c.o(.text)
    I2C_ReceiveData                          0x08000f57   Thumb Code     8  stm32f10x_i2c.o(.text)
    I2C_Send7bitAddress                      0x08000f5f   Thumb Code    18  stm32f10x_i2c.o(.text)
    I2C_ReadRegister                         0x08000f71   Thumb Code    22  stm32f10x_i2c.o(.text)
    I2C_SoftwareResetCmd                     0x08000f87   Thumb Code    22  stm32f10x_i2c.o(.text)
    I2C_NACKPositionConfig                   0x08000f9d   Thumb Code    28  stm32f10x_i2c.o(.text)
    I2C_SMBusAlertConfig                     0x08000fb9   Thumb Code    28  stm32f10x_i2c.o(.text)
    I2C_TransmitPEC                          0x08000fd5   Thumb Code    24  stm32f10x_i2c.o(.text)
    I2C_PECPositionConfig                    0x08000fed   Thumb Code    28  stm32f10x_i2c.o(.text)
    I2C_CalculatePEC                         0x08001009   Thumb Code    24  stm32f10x_i2c.o(.text)
    I2C_GetPEC                               0x08001021   Thumb Code     8  stm32f10x_i2c.o(.text)
    I2C_ARPCmd                               0x08001029   Thumb Code    24  stm32f10x_i2c.o(.text)
    I2C_StretchClockCmd                      0x08001041   Thumb Code    24  stm32f10x_i2c.o(.text)
    I2C_FastModeDutyCycleConfig              0x08001059   Thumb Code    28  stm32f10x_i2c.o(.text)
    I2C_CheckEvent                           0x08001075   Thumb Code    42  stm32f10x_i2c.o(.text)
    I2C_GetLastEvent                         0x0800109f   Thumb Code    26  stm32f10x_i2c.o(.text)
    I2C_GetFlagStatus                        0x080010b9   Thumb Code    58  stm32f10x_i2c.o(.text)
    I2C_ClearFlag                            0x080010f3   Thumb Code    12  stm32f10x_i2c.o(.text)
    I2C_GetITStatus                          0x080010ff   Thumb Code    54  stm32f10x_i2c.o(.text)
    I2C_ClearITPendingBit                    0x08001135   Thumb Code    12  stm32f10x_i2c.o(.text)
    RCC_DeInit                               0x08001141   Thumb Code    64  stm32f10x_rcc.o(.text)
    RCC_HSEConfig                            0x08001181   Thumb Code    70  stm32f10x_rcc.o(.text)
    RCC_GetFlagStatus                        0x080011c7   Thumb Code    56  stm32f10x_rcc.o(.text)
    RCC_WaitForHSEStartUp                    0x080011ff   Thumb Code    56  stm32f10x_rcc.o(.text)
    RCC_AdjustHSICalibrationValue            0x08001237   Thumb Code    20  stm32f10x_rcc.o(.text)
    RCC_HSICmd                               0x0800124b   Thumb Code     6  stm32f10x_rcc.o(.text)
    RCC_PLLConfig                            0x08001251   Thumb Code    24  stm32f10x_rcc.o(.text)
    RCC_PLLCmd                               0x08001269   Thumb Code     6  stm32f10x_rcc.o(.text)
    RCC_SYSCLKConfig                         0x0800126f   Thumb Code    18  stm32f10x_rcc.o(.text)
    RCC_GetSYSCLKSource                      0x08001281   Thumb Code    10  stm32f10x_rcc.o(.text)
    RCC_HCLKConfig                           0x0800128b   Thumb Code    18  stm32f10x_rcc.o(.text)
    RCC_PCLK1Config                          0x0800129d   Thumb Code    18  stm32f10x_rcc.o(.text)
    RCC_PCLK2Config                          0x080012af   Thumb Code    20  stm32f10x_rcc.o(.text)
    RCC_ITConfig                             0x080012c3   Thumb Code    26  stm32f10x_rcc.o(.text)
    RCC_USBCLKConfig                         0x080012dd   Thumb Code     8  stm32f10x_rcc.o(.text)
    RCC_ADCCLKConfig                         0x080012e5   Thumb Code    18  stm32f10x_rcc.o(.text)
    RCC_LSEConfig                            0x080012f7   Thumb Code    50  stm32f10x_rcc.o(.text)
    RCC_LSICmd                               0x08001329   Thumb Code     6  stm32f10x_rcc.o(.text)
    RCC_RTCCLKConfig                         0x0800132f   Thumb Code    12  stm32f10x_rcc.o(.text)
    RCC_RTCCLKCmd                            0x0800133b   Thumb Code     8  stm32f10x_rcc.o(.text)
    RCC_GetClocksFreq                        0x08001343   Thumb Code   192  stm32f10x_rcc.o(.text)
    RCC_AHBPeriphClockCmd                    0x08001403   Thumb Code    26  stm32f10x_rcc.o(.text)
    RCC_APB2PeriphClockCmd                   0x0800141d   Thumb Code    26  stm32f10x_rcc.o(.text)
    RCC_APB1PeriphClockCmd                   0x08001437   Thumb Code    26  stm32f10x_rcc.o(.text)
    RCC_APB2PeriphResetCmd                   0x08001451   Thumb Code    26  stm32f10x_rcc.o(.text)
    RCC_APB1PeriphResetCmd                   0x0800146b   Thumb Code    26  stm32f10x_rcc.o(.text)
    RCC_BackupResetCmd                       0x08001485   Thumb Code     8  stm32f10x_rcc.o(.text)
    RCC_ClockSecuritySystemCmd               0x0800148d   Thumb Code     6  stm32f10x_rcc.o(.text)
    RCC_MCOConfig                            0x08001493   Thumb Code     6  stm32f10x_rcc.o(.text)
    RCC_ClearFlag                            0x08001499   Thumb Code    14  stm32f10x_rcc.o(.text)
    RCC_GetITStatus                          0x080014a7   Thumb Code    20  stm32f10x_rcc.o(.text)
    RCC_ClearITPendingBit                    0x080014bb   Thumb Code     6  stm32f10x_rcc.o(.text)
    TIM_DeInit                               0x080014e5   Thumb Code   424  stm32f10x_tim.o(.text)
    TIM_TimeBaseInit                         0x0800168d   Thumb Code   122  stm32f10x_tim.o(.text)
    TIM_OC1Init                              0x08001707   Thumb Code   132  stm32f10x_tim.o(.text)
    TIM_OC2Init                              0x0800178b   Thumb Code   154  stm32f10x_tim.o(.text)
    TIM_OC3Init                              0x08001825   Thumb Code   150  stm32f10x_tim.o(.text)
    TIM_OC4Init                              0x080018bb   Thumb Code   182  stm32f10x_tim.o(.text)
    TIM_SetIC4Prescaler                      0x08001971   Thumb Code    26  stm32f10x_tim.o(.text)
    TIM_SetIC3Prescaler                      0x08001a0d   Thumb Code    18  stm32f10x_tim.o(.text)
    TIM_SetIC2Prescaler                      0x08001a99   Thumb Code    26  stm32f10x_tim.o(.text)
    TIM_SetIC1Prescaler                      0x08001b35   Thumb Code    18  stm32f10x_tim.o(.text)
    TIM_ICInit                               0x08001bb3   Thumb Code   150  stm32f10x_tim.o(.text)
    TIM_PWMIConfig                           0x08001c49   Thumb Code   124  stm32f10x_tim.o(.text)
    TIM_BDTRConfig                           0x08001cc5   Thumb Code    32  stm32f10x_tim.o(.text)
    TIM_TimeBaseStructInit                   0x08001ce5   Thumb Code    18  stm32f10x_tim.o(.text)
    TIM_OCStructInit                         0x08001cf7   Thumb Code    20  stm32f10x_tim.o(.text)
    TIM_ICStructInit                         0x08001d0b   Thumb Code    18  stm32f10x_tim.o(.text)
    TIM_BDTRStructInit                       0x08001d1d   Thumb Code    40  stm32f10x_tim.o(.text)
    TIM_Cmd                                  0x08001d45   Thumb Code    24  stm32f10x_tim.o(.text)
    TIM_CtrlPWMOutputs                       0x08001d5d   Thumb Code    30  stm32f10x_tim.o(.text)
    TIM_ITConfig                             0x08001d7b   Thumb Code    18  stm32f10x_tim.o(.text)
    TIM_GenerateEvent                        0x08001d8d   Thumb Code     4  stm32f10x_tim.o(.text)
    TIM_DMAConfig                            0x08001d91   Thumb Code    10  stm32f10x_tim.o(.text)
    TIM_DMACmd                               0x08001d9b   Thumb Code    18  stm32f10x_tim.o(.text)
    TIM_InternalClockConfig                  0x08001dad   Thumb Code    12  stm32f10x_tim.o(.text)
    TIM_SelectInputTrigger                   0x08001db9   Thumb Code    18  stm32f10x_tim.o(.text)
    TIM_ITRxExternalClockConfig              0x08001dcb   Thumb Code    24  stm32f10x_tim.o(.text)
    TIM_TIxExternalClockConfig               0x08001de3   Thumb Code    62  stm32f10x_tim.o(.text)
    TIM_ETRConfig                            0x08001e21   Thumb Code    28  stm32f10x_tim.o(.text)
    TIM_ETRClockMode1Config                  0x08001e3d   Thumb Code    54  stm32f10x_tim.o(.text)
    TIM_ETRClockMode2Config                  0x08001e73   Thumb Code    32  stm32f10x_tim.o(.text)
    TIM_PrescalerConfig                      0x08001e93   Thumb Code     6  stm32f10x_tim.o(.text)
    TIM_CounterModeConfig                    0x08001e99   Thumb Code    18  stm32f10x_tim.o(.text)
    TIM_EncoderInterfaceConfig               0x08001eab   Thumb Code    66  stm32f10x_tim.o(.text)
    TIM_ForcedOC1Config                      0x08001eed   Thumb Code    18  stm32f10x_tim.o(.text)
    TIM_ForcedOC2Config                      0x08001eff   Thumb Code    26  stm32f10x_tim.o(.text)
    TIM_ForcedOC3Config                      0x08001f19   Thumb Code    18  stm32f10x_tim.o(.text)
    TIM_ForcedOC4Config                      0x08001f2b   Thumb Code    26  stm32f10x_tim.o(.text)
    TIM_ARRPreloadConfig                     0x08001f45   Thumb Code    24  stm32f10x_tim.o(.text)
    TIM_SelectCOM                            0x08001f5d   Thumb Code    24  stm32f10x_tim.o(.text)
    TIM_SelectCCDMA                          0x08001f75   Thumb Code    24  stm32f10x_tim.o(.text)
    TIM_CCPreloadControl                     0x08001f8d   Thumb Code    24  stm32f10x_tim.o(.text)
    TIM_OC1PreloadConfig                     0x08001fa5   Thumb Code    18  stm32f10x_tim.o(.text)
    TIM_OC2PreloadConfig                     0x08001fb7   Thumb Code    26  stm32f10x_tim.o(.text)
    TIM_OC3PreloadConfig                     0x08001fd1   Thumb Code    18  stm32f10x_tim.o(.text)
    TIM_OC4PreloadConfig                     0x08001fe3   Thumb Code    26  stm32f10x_tim.o(.text)
    TIM_OC1FastConfig                        0x08001ffd   Thumb Code    18  stm32f10x_tim.o(.text)
    TIM_OC2FastConfig                        0x0800200f   Thumb Code    26  stm32f10x_tim.o(.text)
    TIM_OC3FastConfig                        0x08002029   Thumb Code    18  stm32f10x_tim.o(.text)
    TIM_OC4FastConfig                        0x0800203b   Thumb Code    26  stm32f10x_tim.o(.text)
    TIM_ClearOC1Ref                          0x08002055   Thumb Code    18  stm32f10x_tim.o(.text)
    TIM_ClearOC2Ref                          0x08002067   Thumb Code    24  stm32f10x_tim.o(.text)
    TIM_ClearOC3Ref                          0x0800207f   Thumb Code    18  stm32f10x_tim.o(.text)
    TIM_ClearOC4Ref                          0x08002091   Thumb Code    24  stm32f10x_tim.o(.text)
    TIM_OC1PolarityConfig                    0x080020a9   Thumb Code    18  stm32f10x_tim.o(.text)
    TIM_OC1NPolarityConfig                   0x080020bb   Thumb Code    18  stm32f10x_tim.o(.text)
    TIM_OC2PolarityConfig                    0x080020cd   Thumb Code    26  stm32f10x_tim.o(.text)
    TIM_OC2NPolarityConfig                   0x080020e7   Thumb Code    26  stm32f10x_tim.o(.text)
    TIM_OC3PolarityConfig                    0x08002101   Thumb Code    26  stm32f10x_tim.o(.text)
    TIM_OC3NPolarityConfig                   0x0800211b   Thumb Code    26  stm32f10x_tim.o(.text)
    TIM_OC4PolarityConfig                    0x08002135   Thumb Code    26  stm32f10x_tim.o(.text)
    TIM_CCxCmd                               0x0800214f   Thumb Code    30  stm32f10x_tim.o(.text)
    TIM_CCxNCmd                              0x0800216d   Thumb Code    30  stm32f10x_tim.o(.text)
    TIM_SelectOCxM                           0x0800218b   Thumb Code    82  stm32f10x_tim.o(.text)
    TIM_UpdateDisableConfig                  0x080021dd   Thumb Code    24  stm32f10x_tim.o(.text)
    TIM_UpdateRequestConfig                  0x080021f5   Thumb Code    24  stm32f10x_tim.o(.text)
    TIM_SelectHallSensor                     0x0800220d   Thumb Code    24  stm32f10x_tim.o(.text)
    TIM_SelectOnePulseMode                   0x08002225   Thumb Code    18  stm32f10x_tim.o(.text)
    TIM_SelectOutputTrigger                  0x08002237   Thumb Code    18  stm32f10x_tim.o(.text)
    TIM_SelectSlaveMode                      0x08002249   Thumb Code    18  stm32f10x_tim.o(.text)
    TIM_SelectMasterSlaveMode                0x0800225b   Thumb Code    18  stm32f10x_tim.o(.text)
    TIM_SetCounter                           0x0800226d   Thumb Code     4  stm32f10x_tim.o(.text)
    TIM_SetAutoreload                        0x08002271   Thumb Code     4  stm32f10x_tim.o(.text)
    TIM_SetCompare1                          0x08002275   Thumb Code     4  stm32f10x_tim.o(.text)
    TIM_SetCompare2                          0x08002279   Thumb Code     4  stm32f10x_tim.o(.text)
    TIM_SetCompare3                          0x0800227d   Thumb Code     4  stm32f10x_tim.o(.text)
    TIM_SetCompare4                          0x08002281   Thumb Code     6  stm32f10x_tim.o(.text)
    TIM_SetClockDivision                     0x08002287   Thumb Code    18  stm32f10x_tim.o(.text)
    TIM_GetCapture1                          0x08002299   Thumb Code     6  stm32f10x_tim.o(.text)
    TIM_GetCapture2                          0x0800229f   Thumb Code     6  stm32f10x_tim.o(.text)
    TIM_GetCapture3                          0x080022a5   Thumb Code     6  stm32f10x_tim.o(.text)
    TIM_GetCapture4                          0x080022ab   Thumb Code     8  stm32f10x_tim.o(.text)
    TIM_GetCounter                           0x080022b3   Thumb Code     6  stm32f10x_tim.o(.text)
    TIM_GetPrescaler                         0x080022b9   Thumb Code     6  stm32f10x_tim.o(.text)
    TIM_GetFlagStatus                        0x080022bf   Thumb Code    18  stm32f10x_tim.o(.text)
    TIM_ClearFlag                            0x080022d1   Thumb Code     6  stm32f10x_tim.o(.text)
    TIM_GetITStatus                          0x080022d7   Thumb Code    34  stm32f10x_tim.o(.text)
    TIM_ClearITPendingBit                    0x080022f9   Thumb Code     6  stm32f10x_tim.o(.text)
    USART_DeInit                             0x08002301   Thumb Code   134  stm32f10x_usart.o(.text)
    USART_Init                               0x08002387   Thumb Code   210  stm32f10x_usart.o(.text)
    USART_StructInit                         0x08002459   Thumb Code    24  stm32f10x_usart.o(.text)
    USART_ClockInit                          0x08002471   Thumb Code    34  stm32f10x_usart.o(.text)
    USART_ClockStructInit                    0x08002493   Thumb Code    12  stm32f10x_usart.o(.text)
    USART_Cmd                                0x0800249f   Thumb Code    24  stm32f10x_usart.o(.text)
    USART_ITConfig                           0x080024b7   Thumb Code    74  stm32f10x_usart.o(.text)
    USART_DMACmd                             0x08002501   Thumb Code    18  stm32f10x_usart.o(.text)
    USART_SetAddress                         0x08002513   Thumb Code    18  stm32f10x_usart.o(.text)
    USART_WakeUpConfig                       0x08002525   Thumb Code    18  stm32f10x_usart.o(.text)
    USART_ReceiverWakeUpCmd                  0x08002537   Thumb Code    24  stm32f10x_usart.o(.text)
    USART_LINBreakDetectLengthConfig         0x0800254f   Thumb Code    18  stm32f10x_usart.o(.text)
    USART_LINCmd                             0x08002561   Thumb Code    24  stm32f10x_usart.o(.text)
    USART_SendData                           0x08002579   Thumb Code     8  stm32f10x_usart.o(.text)
    USART_ReceiveData                        0x08002581   Thumb Code    10  stm32f10x_usart.o(.text)
    USART_SendBreak                          0x0800258b   Thumb Code    10  stm32f10x_usart.o(.text)
    USART_SetGuardTime                       0x08002595   Thumb Code    16  stm32f10x_usart.o(.text)
    USART_SetPrescaler                       0x080025a5   Thumb Code    16  stm32f10x_usart.o(.text)
    USART_SmartCardCmd                       0x080025b5   Thumb Code    24  stm32f10x_usart.o(.text)
    USART_SmartCardNACKCmd                   0x080025cd   Thumb Code    24  stm32f10x_usart.o(.text)
    USART_HalfDuplexCmd                      0x080025e5   Thumb Code    24  stm32f10x_usart.o(.text)
    USART_OverSampling8Cmd                   0x080025fd   Thumb Code    22  stm32f10x_usart.o(.text)
    USART_OneBitMethodCmd                    0x08002613   Thumb Code    24  stm32f10x_usart.o(.text)
    USART_IrDAConfig                         0x0800262b   Thumb Code    18  stm32f10x_usart.o(.text)
    USART_IrDACmd                            0x0800263d   Thumb Code    24  stm32f10x_usart.o(.text)
    USART_GetFlagStatus                      0x08002655   Thumb Code    26  stm32f10x_usart.o(.text)
    USART_ClearFlag                          0x0800266f   Thumb Code    18  stm32f10x_usart.o(.text)
    USART_GetITStatus                        0x08002681   Thumb Code    84  stm32f10x_usart.o(.text)
    USART_ClearITPendingBit                  0x080026d5   Thumb Code    52  stm32f10x_usart.o(.text)
    DisplayTime                              0x08002709   Thumb Code  1020  main.o(.text)
    GetHeartRateSpO2                         0x08002b05   Thumb Code   518  main.o(.text)
    DisplayTemperature                       0x08002d0b   Thumb Code   314  main.o(.text)
    Store_Data                               0x08002e45   Thumb Code   114  main.o(.text)
    Read_Data                                0x08002eb7   Thumb Code   162  main.o(.text)
    CheckNewMcu                              0x08002f59   Thumb Code   128  main.o(.text)
    GetSteps                                 0x08002fd9   Thumb Code  1294  main.o(.text)
    DisplaySetValue                          0x080034e7   Thumb Code   874  main.o(.text)
    KeySettings                              0x08003851   Thumb Code  2842  main.o(.text)
    displayTimeCunt                          0x0800436b   Thumb Code   654  main.o(.text)
    UsartSendData                            0x080045f9   Thumb Code   148  main.o(.text)
    main                                     0x0800468d   Thumb Code   284  main.o(.text)
    TIM2_IRQHandler                          0x080047a9   Thumb Code   824  main.o(.text)
    NMI_Handler                              0x08004b21   Thumb Code     2  stm32f10x_it.o(.text)
    HardFault_Handler                        0x08004b23   Thumb Code     4  stm32f10x_it.o(.text)
    MemManage_Handler                        0x08004b27   Thumb Code     4  stm32f10x_it.o(.text)
    BusFault_Handler                         0x08004b2b   Thumb Code     4  stm32f10x_it.o(.text)
    UsageFault_Handler                       0x08004b2f   Thumb Code     4  stm32f10x_it.o(.text)
    SVC_Handler                              0x08004b33   Thumb Code     2  stm32f10x_it.o(.text)
    DebugMon_Handler                         0x08004b35   Thumb Code     2  stm32f10x_it.o(.text)
    PendSV_Handler                           0x08004b37   Thumb Code     2  stm32f10x_it.o(.text)
    SysTick_Handler                          0x08004b39   Thumb Code     2  stm32f10x_it.o(.text)
    I2C_Configuration                        0x08004b3d   Thumb Code   110  oled_i2c.o(.text)
    I2C_WriteByte                            0x08004bab   Thumb Code   126  oled_i2c.o(.text)
    WriteCmd                                 0x08004c29   Thumb Code    14  oled_i2c.o(.text)
    WriteDat                                 0x08004c37   Thumb Code    14  oled_i2c.o(.text)
    OLED_Init                                0x08004c45   Thumb Code   178  oled_i2c.o(.text)
    OLED_SetPos                              0x08004cf7   Thumb Code    40  oled_i2c.o(.text)
    OLED_Fill                                0x08004d1f   Thumb Code    58  oled_i2c.o(.text)
    OLED_CLS                                 0x08004d59   Thumb Code    10  oled_i2c.o(.text)
    OLED_ON                                  0x08004d63   Thumb Code    22  oled_i2c.o(.text)
    OLED_OFF                                 0x08004d79   Thumb Code    22  oled_i2c.o(.text)
    OLED_ShowChar                            0x08004d8f   Thumb Code   164  oled_i2c.o(.text)
    OLED_ShowStr                             0x08004e33   Thumb Code   152  oled_i2c.o(.text)
    OLED_ShowCN                              0x08004ecb   Thumb Code   150  oled_i2c.o(.text)
    OLED_DrawBMP                             0x08004f61   Thumb Code   116  oled_i2c.o(.text)
    OLED_ShowCentigrade                      0x08004fd5   Thumb Code    86  oled_i2c.o(.text)
    DelayInit                                0x08005045   Thumb Code    50  delay.o(.text)
    Delay_us                                 0x08005077   Thumb Code    72  delay.o(.text)
    Delay_ms                                 0x080050bf   Thumb Code    72  delay.o(.text)
    Delay_s                                  0x08005107   Thumb Code    26  delay.o(.text)
    KEY_Init                                 0x08005131   Thumb Code   102  key.o(.text)
    KEY_Scan                                 0x08005197   Thumb Code   266  key.o(.text)
    DAT_MODE_OUT                             0x080052b1   Thumb Code    32  ds1302.o(.text)
    DAT_MODE_IN                              0x080052d1   Thumb Code    26  ds1302.o(.text)
    DS1302_GPIO_Init                         0x080052eb   Thumb Code    50  ds1302.o(.text)
    DS1302_WriteOneByte                      0x0800531d   Thumb Code    86  ds1302.o(.text)
    DS1302_WriteByte                         0x08005373   Thumb Code    82  ds1302.o(.text)
    DS1302_ReadByte                          0x080053c5   Thumb Code   148  ds1302.o(.text)
    DS1302_DateSet                           0x08005459   Thumb Code   262  ds1302.o(.text)
    DS1302_DateRead                          0x0800555f   Thumb Code   338  ds1302.o(.text)
    DS1302_Init                              0x080056b1   Thumb Code    90  ds1302.o(.text)
    DS18B20_Rst                              0x0800570d   Thumb Code    54  ds18b20.o(.text)
    DS18B20_Check                            0x08005743   Thumb Code    96  ds18b20.o(.text)
    DS18B20_Read_Bit                         0x080057a3   Thumb Code    96  ds18b20.o(.text)
    DS18B20_Read_Byte                        0x08005803   Thumb Code    34  ds18b20.o(.text)
    DS18B20_Write_Byte                       0x08005825   Thumb Code   102  ds18b20.o(.text)
    DS18B20_Start                            0x0800588b   Thumb Code    24  ds18b20.o(.text)
    DS18B20_Init                             0x080058a3   Thumb Code    62  ds18b20.o(.text)
    DS18B20_Get_Temp                         0x080058e1   Thumb Code   136  ds18b20.o(.text)
    I2C_SDA_OUT                              0x08005979   Thumb Code    30  iic.o(.text)
    I2C_SDA_IN                               0x08005997   Thumb Code    30  iic.o(.text)
    IIC_init                                 0x080059b5   Thumb Code    46  iic.o(.text)
    IIC_start                                0x080059e3   Thumb Code    46  iic.o(.text)
    IIC_stop                                 0x08005a11   Thumb Code    48  iic.o(.text)
    IIC_ack                                  0x08005a41   Thumb Code    52  iic.o(.text)
    IIC_noack                                0x08005a75   Thumb Code    52  iic.o(.text)
    IIC_wait_ack                             0x08005aa9   Thumb Code    68  iic.o(.text)
    IIC_send_byte                            0x08005aed   Thumb Code    70  iic.o(.text)
    IIC_read_byte                            0x08005b33   Thumb Code    84  iic.o(.text)
    adxl345_write_reg                        0x08005b95   Thumb Code    46  adxl345.o(.text)
    adxl345_init                             0x08005bc3   Thumb Code    60  adxl345.o(.text)
    adxl345_read_reg                         0x08005bff   Thumb Code    66  adxl345.o(.text)
    adxl345_read_data                        0x08005c41   Thumb Code   142  adxl345.o(.text)
    adxl345_read_average                     0x08005ccf   Thumb Code   168  adxl345.o(.text)
    _sys_exit                                0x08005d79   Thumb Code     6  usart1.o(.text)
    fputc                                    0x08005d7f   Thumb Code    24  usart1.o(.text)
    uart1_Init                               0x08005d97   Thumb Code   178  usart1.o(.text)
    USART1_IRQHandler                        0x08005e49   Thumb Code   130  usart1.o(.text)
    uart1_SendStr                            0x08005ecb   Thumb Code    34  usart1.o(.text)
    uart1_send                               0x08005eed   Thumb Code    38  usart1.o(.text)
    i2c_Stop                                 0x08005f3b   Thumb Code    36  myiic.o(.text)
    bsp_InitI2C                              0x08005f5f   Thumb Code    64  myiic.o(.text)
    i2c_Start                                0x08005f9f   Thumb Code    46  myiic.o(.text)
    i2c_SendByte                             0x08005fcd   Thumb Code    88  myiic.o(.text)
    i2c_ReadByte                             0x08006025   Thumb Code    66  myiic.o(.text)
    i2c_WaitAck                              0x08006067   Thumb Code    64  myiic.o(.text)
    i2c_Ack                                  0x080060a7   Thumb Code    52  myiic.o(.text)
    i2c_NAck                                 0x080060db   Thumb Code    44  myiic.o(.text)
    i2c_CheckDevice                          0x08006107   Thumb Code    56  myiic.o(.text)
    maxim_max30102_write_reg                 0x08006145   Thumb Code    68  max30102.o(.text)
    maxim_max30102_read_reg                  0x08006189   Thumb Code    82  max30102.o(.text)
    maxim_max30102_init                      0x080061db   Thumb Code   160  max30102.o(.text)
    maxim_max30102_read_fifo                 0x0800627b   Thumb Code   212  max30102.o(.text)
    maxim_max30102_reset                     0x0800634f   Thumb Code    20  max30102.o(.text)
    maxim_sort_ascend                        0x08006365   Thumb Code    54  algorithm.o(.text)
    maxim_sort_indices_descend               0x0800639b   Thumb Code    64  algorithm.o(.text)
    maxim_remove_close_peaks                 0x080063db   Thumb Code   114  algorithm.o(.text)
    maxim_peaks_above_min_height             0x0800644d   Thumb Code   170  algorithm.o(.text)
    maxim_find_peaks                         0x080064f7   Thumb Code    66  algorithm.o(.text)
    maxim_heart_rate_and_oxygen_saturation   0x08006539   Thumb Code   842  algorithm.o(.text)
    TIM2_Init                                0x08006895   Thumb Code    88  timer.o(.text)
    Init_MAX30102                            0x080068ed   Thumb Code   162  max30102_read.o(.text)
    ReadHeartRateSpO2                        0x0800698f   Thumb Code  1286  max30102_read.o(.text)
    STMFLASH_ReadHalfWord                    0x08006eb5   Thumb Code     6  stmflash.o(.text)
    STMFLASH_Write_NoCheck                   0x08006ebb   Thumb Code    38  stmflash.o(.text)
    STMFLASH_Read                            0x08006ee1   Thumb Code    34  stmflash.o(.text)
    STMFLASH_Write                           0x08006f03   Thumb Code   222  stmflash.o(.text)
    Test_Write                               0x08006fe1   Thumb Code    16  stmflash.o(.text)
    __aeabi_memcpy                           0x08006ff9   Thumb Code    36  memcpya.o(.text)
    __aeabi_memcpy4                          0x08006ff9   Thumb Code     0  memcpya.o(.text)
    __aeabi_memcpy8                          0x08006ff9   Thumb Code     0  memcpya.o(.text)
    strstr                                   0x0800701d   Thumb Code    36  strstr.o(.text)
    __aeabi_fadd                             0x08007041   Thumb Code   164  fadd.o(.text)
    __aeabi_fsub                             0x080070e5   Thumb Code     6  fadd.o(.text)
    __aeabi_frsub                            0x080070eb   Thumb Code     6  fadd.o(.text)
    __aeabi_fmul                             0x080070f1   Thumb Code   100  fmul.o(.text)
    __aeabi_fdiv                             0x08007155   Thumb Code   124  fdiv.o(.text)
    __aeabi_dmul                             0x080071d1   Thumb Code   228  dmul.o(.text)
    __aeabi_i2f                              0x080072b5   Thumb Code    18  fflti.o(.text)
    __aeabi_ui2f                             0x080072c7   Thumb Code    10  ffltui.o(.text)
    __aeabi_f2iz                             0x080072d1   Thumb Code    50  ffixi.o(.text)
    __aeabi_d2iz                             0x08007303   Thumb Code    62  dfixi.o(.text)
    __aeabi_f2d                              0x08007341   Thumb Code    38  f2d.o(.text)
    __aeabi_cfcmpeq                          0x08007369   Thumb Code     0  cfcmple.o(.text)
    __aeabi_cfcmple                          0x08007369   Thumb Code    20  cfcmple.o(.text)
    __aeabi_cfrcmple                         0x0800737d   Thumb Code    20  cfrcmple.o(.text)
    __aeabi_uidiv                            0x08007391   Thumb Code     0  uidiv.o(.text)
    __aeabi_uidivmod                         0x08007391   Thumb Code    44  uidiv.o(.text)
    __aeabi_uldivmod                         0x080073bd   Thumb Code    98  uldiv.o(.text)
    __aeabi_llsr                             0x0800741f   Thumb Code    32  llushr.o(.text)
    _ll_ushift_r                             0x0800741f   Thumb Code     0  llushr.o(.text)
    __I$use$fp                               0x0800743f   Thumb Code     0  iusefp.o(.text)
    _float_round                             0x0800743f   Thumb Code    18  fepilogue.o(.text)
    _float_epilogue                          0x08007451   Thumb Code    92  fepilogue.o(.text)
    _double_round                            0x080074ad   Thumb Code    30  depilogue.o(.text)
    _double_epilogue                         0x080074cb   Thumb Code   156  depilogue.o(.text)
    __aeabi_dadd                             0x08007567   Thumb Code   322  dadd.o(.text)
    __aeabi_dsub                             0x080076a9   Thumb Code     6  dadd.o(.text)
    __aeabi_drsub                            0x080076af   Thumb Code     6  dadd.o(.text)
    __aeabi_ddiv                             0x080076b5   Thumb Code   222  ddiv.o(.text)
    __aeabi_d2ulz                            0x08007793   Thumb Code    48  dfixul.o(.text)
    __aeabi_cdrcmple                         0x080077c5   Thumb Code    48  cdrcmple.o(.text)
    __scatterload                            0x080077f5   Thumb Code    28  init.o(.text)
    __scatterload_rt2                        0x080077f5   Thumb Code     0  init.o(.text)
    __aeabi_llsl                             0x08007819   Thumb Code    30  llshl.o(.text)
    _ll_shift_l                              0x08007819   Thumb Code     0  llshl.o(.text)
    __aeabi_lasr                             0x08007837   Thumb Code    36  llsshr.o(.text)
    _ll_sshift_r                             0x08007837   Thumb Code     0  llsshr.o(.text)
    __decompress                             0x0800785b   Thumb Code     0  __dclz77c.o(.text)
    __decompress2                            0x0800785b   Thumb Code    94  __dclz77c.o(.text)
    __0printf                                0x080078b9   Thumb Code    22  printfa.o(i.__0printf)
    __1printf                                0x080078b9   Thumb Code     0  printfa.o(i.__0printf)
    __2printf                                0x080078b9   Thumb Code     0  printfa.o(i.__0printf)
    __c89printf                              0x080078b9   Thumb Code     0  printfa.o(i.__0printf)
    printf                                   0x080078b9   Thumb Code     0  printfa.o(i.__0printf)
    __0sprintf                               0x080078d9   Thumb Code    34  printfa.o(i.__0sprintf)
    __1sprintf                               0x080078d9   Thumb Code     0  printfa.o(i.__0sprintf)
    __2sprintf                               0x080078d9   Thumb Code     0  printfa.o(i.__0sprintf)
    __c89sprintf                             0x080078d9   Thumb Code     0  printfa.o(i.__0sprintf)
    sprintf                                  0x080078d9   Thumb Code     0  printfa.o(i.__0sprintf)
    __scatterload_copy                       0x08007901   Thumb Code    14  handlers.o(i.__scatterload_copy)
    __scatterload_null                       0x0800790f   Thumb Code     2  handlers.o(i.__scatterload_null)
    __scatterload_zeroinit                   0x08007911   Thumb Code    14  handlers.o(i.__scatterload_zeroinit)
    F8X16                                    0x080081bc   Data        1520  oled_i2c.o(.constdata)
    uch_spo2_table                           0x080087ac   Data         184  algorithm.o(.constdata)
    Region$$Table$$Base                      0x08008864   Number         0  anon$$obj.o(Region$$Table)
    Region$$Table$$Limit                     0x08008884   Number         0  anon$$obj.o(Region$$Table)
    SystemCoreClock                          0x20000000   Data           4  system_stm32f10x.o(.data)
    AHBPrescTable                            0x20000004   Data          16  system_stm32f10x.o(.data)
    set_value                                0x20000028   Data           1  main.o(.data)
    commondYear_leapYear_flag                0x20000029   Data           1  main.o(.data)
    adx                                      0x2000002c   Data           4  main.o(.data)
    ady                                      0x20000030   Data           4  main.o(.data)
    adz                                      0x20000034   Data           4  main.o(.data)
    acc                                      0x20000038   Data           4  main.o(.data)
    acc2                                     0x2000003c   Data           4  main.o(.data)
    acc3                                     0x20000040   Data           4  main.o(.data)
    flag                                     0x20000044   Data           1  main.o(.data)
    stepcount                                0x20000046   Data           2  main.o(.data)
    mileage                                  0x20000048   Data           4  main.o(.data)
    mileage_stepcount                        0x2000004c   Data           2  main.o(.data)
    step                                     0x2000004e   Data           2  main.o(.data)
    mileage_alert                            0x20000050   Data           4  main.o(.data)
    temperature                              0x20000054   Data           2  main.o(.data)
    heart_rate_Min                           0x20000056   Data           2  main.o(.data)
    heart_rate_Max                           0x20000058   Data           2  main.o(.data)
    blood_oxygen_Lowlimit                    0x2000005a   Data           2  main.o(.data)
    tempMax                                  0x2000005c   Data           2  main.o(.data)
    tempMin                                  0x2000005e   Data           2  main.o(.data)
    flashing                                 0x20000060   Data           1  main.o(.data)
    buzzer_alarm_flag                        0x20000061   Data           1  main.o(.data)
    page                                     0x20000062   Data           1  main.o(.data)
    timecount_record                         0x20000064   Data           4  main.o(.data)
    hour                                     0x20000068   Data           4  main.o(.data)
    minute                                   0x2000006c   Data           4  main.o(.data)
    second                                   0x20000070   Data           4  main.o(.data)
    start_timer_sign                         0x20000074   Data           1  main.o(.data)
    timer_remind_sign                        0x20000075   Data           1  main.o(.data)
    mileage_remind_sign                      0x20000076   Data           1  main.o(.data)
    sendFlag                                 0x20000077   Data           1  main.o(.data)
    sendSetValueFlag                         0x20000078   Data           1  main.o(.data)
    heart_rate                               0x2000007c   Data           4  main.o(.data)
    blood_oxygen_concentration               0x20000080   Data           4  main.o(.data)
    F16x16                                   0x20000093   Data        2048  oled_i2c.o(.data)
    SysDate                                  0x2000089a   Data           8  ds1302.o(.data)
    RxCounter                                0x200008a4   Data           4  usart1.o(.data)
    __stdout                                 0x200008a8   Data           4  usart1.o(.data)
    gsm_rev_start                            0x200008ac   Data           1  usart1.o(.data)
    gsm_rev_okflag                           0x200008ad   Data           1  usart1.o(.data)
    n_ir_buffer_length                       0x200008b0   Data           4  max30102_read.o(.data)
    n_spo2                                   0x200008b4   Data           4  max30102_read.o(.data)
    ch_spo2_valid                            0x200008b8   Data           1  max30102_read.o(.data)
    n_heart_rate                             0x200008bc   Data           4  max30102_read.o(.data)
    ch_hr_valid                              0x200008c0   Data           1  max30102_read.o(.data)
    uch_dummy                                0x200008c1   Data           1  max30102_read.o(.data)
    hrSum                                    0x200008c4   Data           4  max30102_read.o(.data)
    spo2Sum                                  0x200008c8   Data           4  max30102_read.o(.data)
    spo2BuffFilled                           0x200008cc   Data           4  max30102_read.o(.data)
    hrBuffFilled                             0x200008d0   Data           4  max30102_read.o(.data)
    hrValidCnt                               0x200008d4   Data           4  max30102_read.o(.data)
    spo2ValidCnt                             0x200008d8   Data           4  max30102_read.o(.data)
    hrThrowOutSamp                           0x200008dc   Data           4  max30102_read.o(.data)
    spo2ThrowOutSamp                         0x200008e0   Data           4  max30102_read.o(.data)
    spo2Timeout                              0x200008e4   Data           4  max30102_read.o(.data)
    hrTimeout                                0x200008e8   Data           4  max30102_read.o(.data)
    un_min                                   0x200008ec   Data           4  max30102_read.o(.data)
    un_max                                   0x200008f0   Data           4  max30102_read.o(.data)
    un_prev_data                             0x200008f4   Data           4  max30102_read.o(.data)
    un_brightness                            0x200008f8   Data           4  max30102_read.o(.data)
    display                                  0x20000900   Data          16  main.o(.bss)
    Usart1RecBuf                             0x20000910   Data          48  usart1.o(.bss)
    aun_ir_buffer                            0x200012a0   Data         600  max30102_read.o(.bss)
    aun_red_buffer                           0x200014f8   Data         600  max30102_read.o(.bss)
    hr_buf                                   0x20001750   Data          64  max30102_read.o(.bss)
    spo2_buf                                 0x20001790   Data          64  max30102_read.o(.bss)
    STMFLASH_BUF                             0x200017d0   Data        2048  stmflash.o(.bss)
    __initial_sp                             0x200023d0   Data           0  startup_stm32f10x_hd.o(STACK)



==============================================================================

Memory Map of the image

  Image Entry point : 0x08000131

  Load Region LR_IROM1 (Base: 0x08000000, Size: 0x00009184, Max: 0x00010000, ABSOLUTE, COMPRESSED[0x00008cf8])

    Execution Region ER_IROM1 (Base: 0x08000000, Size: 0x00008884, Max: 0x00010000, ABSOLUTE)

    Base Addr    Size         Type   Attr      Idx    E Section Name        Object

    0x08000000   0x00000130   Data   RO            3    RESET               startup_stm32f10x_hd.o
    0x08000130   0x00000000   Code   RO          592  * .ARM.Collect$$$$00000000  mc_w.l(entry.o)
    0x08000130   0x00000004   Code   RO          884    .ARM.Collect$$$$00000001  mc_w.l(entry2.o)
    0x08000134   0x00000004   Code   RO          887    .ARM.Collect$$$$00000004  mc_w.l(entry5.o)
    0x08000138   0x00000000   Code   RO          889    .ARM.Collect$$$$00000008  mc_w.l(entry7b.o)
    0x08000138   0x00000000   Code   RO          891    .ARM.Collect$$$$0000000A  mc_w.l(entry8b.o)
    0x08000138   0x00000008   Code   RO          892    .ARM.Collect$$$$0000000B  mc_w.l(entry9a.o)
    0x08000140   0x00000000   Code   RO          894    .ARM.Collect$$$$0000000D  mc_w.l(entry10a.o)
    0x08000140   0x00000000   Code   RO          896    .ARM.Collect$$$$0000000F  mc_w.l(entry11a.o)
    0x08000140   0x00000004   Code   RO          885    .ARM.Collect$$$$00002712  mc_w.l(entry2.o)
    0x08000144   0x00000024   Code   RO            4    .text               startup_stm32f10x_hd.o
    0x08000168   0x000001e0   Code   RO           24    .text               system_stm32f10x.o
    0x08000348   0x000000dc   Code   RO          121    .text               misc.o
    0x08000424   0x000005bc   Code   RO          173    .text               stm32f10x_flash.o
    0x080009e0   0x0000035c   Code   RO          197    .text               stm32f10x_gpio.o
    0x08000d3c   0x00000404   Code   RO          209    .text               stm32f10x_i2c.o
    0x08001140   0x000003a4   Code   RO          221    .text               stm32f10x_rcc.o
    0x080014e4   0x00000e1a   Code   RO          259    .text               stm32f10x_tim.o
    0x080022fe   0x00000002   PAD
    0x08002300   0x00000408   Code   RO          271    .text               stm32f10x_usart.o
    0x08002708   0x00002418   Code   RO          283    .text               main.o
    0x08004b20   0x0000001a   Code   RO          360    .text               stm32f10x_it.o
    0x08004b3a   0x00000002   PAD
    0x08004b3c   0x00000508   Code   RO          375    .text               oled_i2c.o
    0x08005044   0x000000ec   Code   RO          392    .text               delay.o
    0x08005130   0x00000180   Code   RO          406    .text               key.o
    0x080052b0   0x0000045a   Code   RO          422    .text               ds1302.o
    0x0800570a   0x00000002   PAD
    0x0800570c   0x0000026c   Code   RO          440    .text               ds18b20.o
    0x08005978   0x0000021c   Code   RO          452    .text               iic.o
    0x08005b94   0x000001e2   Code   RO          464    .text               adxl345.o
    0x08005d76   0x00000002   PAD
    0x08005d78   0x000001b4   Code   RO          479    .text               usart1.o
    0x08005f2c   0x00000218   Code   RO          502    .text               myiic.o
    0x08006144   0x0000021e   Code   RO          514    .text               max30102.o
    0x08006362   0x00000002   PAD
    0x08006364   0x00000530   Code   RO          529    .text               algorithm.o
    0x08006894   0x00000058   Code   RO          548    .text               timer.o
    0x080068ec   0x000005c8   Code   RO          560    .text               max30102_read.o
    0x08006eb4   0x00000144   Code   RO          577    .text               stmflash.o
    0x08006ff8   0x00000024   Code   RO          595    .text               mc_w.l(memcpya.o)
    0x0800701c   0x00000024   Code   RO          597    .text               mc_w.l(strstr.o)
    0x08007040   0x000000b0   Code   RO          862    .text               mf_w.l(fadd.o)
    0x080070f0   0x00000064   Code   RO          864    .text               mf_w.l(fmul.o)
    0x08007154   0x0000007c   Code   RO          866    .text               mf_w.l(fdiv.o)
    0x080071d0   0x000000e4   Code   RO          868    .text               mf_w.l(dmul.o)
    0x080072b4   0x00000012   Code   RO          870    .text               mf_w.l(fflti.o)
    0x080072c6   0x0000000a   Code   RO          872    .text               mf_w.l(ffltui.o)
    0x080072d0   0x00000032   Code   RO          874    .text               mf_w.l(ffixi.o)
    0x08007302   0x0000003e   Code   RO          876    .text               mf_w.l(dfixi.o)
    0x08007340   0x00000026   Code   RO          878    .text               mf_w.l(f2d.o)
    0x08007366   0x00000002   PAD
    0x08007368   0x00000014   Code   RO          880    .text               mf_w.l(cfcmple.o)
    0x0800737c   0x00000014   Code   RO          882    .text               mf_w.l(cfrcmple.o)
    0x08007390   0x0000002c   Code   RO          898    .text               mc_w.l(uidiv.o)
    0x080073bc   0x00000062   Code   RO          900    .text               mc_w.l(uldiv.o)
    0x0800741e   0x00000020   Code   RO          902    .text               mc_w.l(llushr.o)
    0x0800743e   0x00000000   Code   RO          904    .text               mc_w.l(iusefp.o)
    0x0800743e   0x0000006e   Code   RO          905    .text               mf_w.l(fepilogue.o)
    0x080074ac   0x000000ba   Code   RO          907    .text               mf_w.l(depilogue.o)
    0x08007566   0x0000014e   Code   RO          909    .text               mf_w.l(dadd.o)
    0x080076b4   0x000000de   Code   RO          911    .text               mf_w.l(ddiv.o)
    0x08007792   0x00000030   Code   RO          913    .text               mf_w.l(dfixul.o)
    0x080077c2   0x00000002   PAD
    0x080077c4   0x00000030   Code   RO          915    .text               mf_w.l(cdrcmple.o)
    0x080077f4   0x00000024   Code   RO          917    .text               mc_w.l(init.o)
    0x08007818   0x0000001e   Code   RO          919    .text               mc_w.l(llshl.o)
    0x08007836   0x00000024   Code   RO          921    .text               mc_w.l(llsshr.o)
    0x0800785a   0x0000005e   Code   RO          931    .text               mc_w.l(__dclz77c.o)
    0x080078b8   0x00000020   Code   RO          834    i.__0printf         mc_w.l(printfa.o)
    0x080078d8   0x00000028   Code   RO          836    i.__0sprintf        mc_w.l(printfa.o)
    0x08007900   0x0000000e   Code   RO          925    i.__scatterload_copy  mc_w.l(handlers.o)
    0x0800790e   0x00000002   Code   RO          926    i.__scatterload_null  mc_w.l(handlers.o)
    0x08007910   0x0000000e   Code   RO          927    i.__scatterload_zeroinit  mc_w.l(handlers.o)
    0x0800791e   0x00000002   PAD
    0x08007920   0x00000164   Code   RO          841    i._fp_digits        mc_w.l(printfa.o)
    0x08007a84   0x000006dc   Code   RO          842    i._printf_core      mc_w.l(printfa.o)
    0x08008160   0x00000024   Code   RO          843    i._printf_post_padding  mc_w.l(printfa.o)
    0x08008184   0x0000002e   Code   RO          844    i._printf_pre_padding  mc_w.l(printfa.o)
    0x080081b2   0x0000000a   Code   RO          846    i._sputc            mc_w.l(printfa.o)
    0x080081bc   0x000005f0   Data   RO          376    .constdata          oled_i2c.o
    0x080087ac   0x000000b8   Data   RO          531    .constdata          algorithm.o
    0x08008864   0x00000020   Data   RO          923    Region$$Table       anon$$obj.o


    Execution Region RW_IRAM1 (Base: 0x20000000, Size: 0x000023d0, Max: 0x00005000, ABSOLUTE, COMPRESSED[0x00000474])

    Base Addr    Size         Type   Attr      Idx    E Section Name        Object

    0x20000000   0x00000014   Data   RW           25    .data               system_stm32f10x.o
    0x20000014   0x00000014   Data   RW          222    .data               stm32f10x_rcc.o
    0x20000028   0x0000006b   Data   RW          285    .data               main.o
    0x20000093   0x00000800   Data   RW          377    .data               oled_i2c.o
    0x20000893   0x00000001   PAD
    0x20000894   0x00000004   Data   RW          393    .data               delay.o
    0x20000898   0x00000001   Data   RW          407    .data               key.o
    0x20000899   0x00000001   PAD
    0x2000089a   0x00000008   Data   RW          423    .data               ds1302.o
    0x200008a2   0x00000002   PAD
    0x200008a4   0x0000000a   Data   RW          481    .data               usart1.o
    0x200008ae   0x00000002   PAD
    0x200008b0   0x0000004d   Data   RW          562    .data               max30102_read.o
    0x200008fd   0x00000003   PAD
    0x20000900   0x00000010   Zero   RW          284    .bss                main.o
    0x20000910   0x00000030   Zero   RW          480    .bss                usart1.o
    0x20000940   0x000004b0   Zero   RW          530    .bss                algorithm.o
    0x20000df0   0x000009e0   Zero   RW          561    .bss                max30102_read.o
    0x200017d0   0x00000800   Zero   RW          578    .bss                stmflash.o
    0x20001fd0   0x00000400   Zero   RW            1    STACK               startup_stm32f10x_hd.o


==============================================================================

Image component sizes


      Code (inc. data)   RO Data    RW Data    ZI Data      Debug   Object Name

       482          0          0          0          0       1725   adxl345.o
      1328         18        184          0       1200       5414   algorithm.o
         0          0          0          0          0       4496   core_cm3.o
       236         16          0          4          0       1198   delay.o
      1114          4          0          8          0       4018   ds1302.o
       620         16          0          0          0       2178   ds18b20.o
       540         14          0          0          0       2080   iic.o
       384         16          0          1          0        876   key.o
      9240        666          0        107         16       8806   main.o
       542          0          0          0          0       2297   max30102.o
      1480        134          0         77       2528       3277   max30102_read.o
       220         22          0          0          0       1769   misc.o
       536          6          0          0          0       2048   myiic.o
      1288         56       1520       2048          0       4593   oled_i2c.o
        36          8        304          0       1024        856   startup_stm32f10x_hd.o
      1468         34          0          0          0       7994   stm32f10x_flash.o
       860         38          0          0          0       5613   stm32f10x_gpio.o
      1028         16          0          0          0       9071   stm32f10x_i2c.o
        26          0          0          0          0       1202   stm32f10x_it.o
       932         36          0         20          0       8768   stm32f10x_rcc.o
      3610         88          0          0          0      22100   stm32f10x_tim.o
      1032         22          0          0          0       8336   stm32f10x_usart.o
       324          8          0          0       2048       2470   stmflash.o
       480         38          0         20          0     263047   system_stm32f10x.o
        88          0          0          0          0        604   timer.o
       436         26          0         10         48       3754   usart1.o

    ----------------------------------------------------------------------
     28340       1282       2040       2304       6864     378590   Object Totals
         0          0         32          0          0          0   (incl. Generated)
        10          0          0          9          0          0   (incl. Padding)

    ----------------------------------------------------------------------

      Code (inc. data)   RO Data    RW Data    ZI Data      Debug   Library Member Name

        94          0          0          0          0          0   __dclz77c.o
         0          0          0          0          0          0   entry.o
         0          0          0          0          0          0   entry10a.o
         0          0          0          0          0          0   entry11a.o
         8          4          0          0          0          0   entry2.o
         4          0          0          0          0          0   entry5.o
         0          0          0          0          0          0   entry7b.o
         0          0          0          0          0          0   entry8b.o
         8          4          0          0          0          0   entry9a.o
        30          0          0          0          0          0   handlers.o
        36          8          0          0          0         68   init.o
         0          0          0          0          0          0   iusefp.o
        30          0          0          0          0         68   llshl.o
        36          0          0          0          0         68   llsshr.o
        32          0          0          0          0         68   llushr.o
        36          0          0          0          0         68   memcpya.o
      2276         96          0          0          0        596   printfa.o
        36          0          0          0          0         80   strstr.o
        44          0          0          0          0         80   uidiv.o
        98          0          0          0          0         92   uldiv.o
        48          0          0          0          0         68   cdrcmple.o
        20          0          0          0          0         68   cfcmple.o
        20          0          0          0          0         68   cfrcmple.o
       334          0          0          0          0        148   dadd.o
       222          0          0          0          0        100   ddiv.o
       186          0          0          0          0        176   depilogue.o
        62          0          0          0          0         80   dfixi.o
        48          0          0          0          0         68   dfixul.o
       228          0          0          0          0         96   dmul.o
        38          0          0          0          0         68   f2d.o
       176          0          0          0          0        140   fadd.o
       124          0          0          0          0         88   fdiv.o
       110          0          0          0          0        168   fepilogue.o
        50          0          0          0          0         68   ffixi.o
        18          0          0          0          0         68   fflti.o
        10          0          0          0          0         68   ffltui.o
       100          0          0          0          0         76   fmul.o

    ----------------------------------------------------------------------
      4568        112          0          0          0       2804   Library Totals
         6          0          0          0          0          0   (incl. Padding)

    ----------------------------------------------------------------------

      Code (inc. data)   RO Data    RW Data    ZI Data      Debug   Library Name

      2768        112          0          0          0       1188   mc_w.l
      1794          0          0          0          0       1616   mf_w.l

    ----------------------------------------------------------------------
      4568        112          0          0          0       2804   Library Totals

    ----------------------------------------------------------------------

==============================================================================


      Code (inc. data)   RO Data    RW Data    ZI Data      Debug   

     32908       1394       2040       2304       6864     378142   Grand Totals
     32908       1394       2040       1140       6864     378142   ELF Image Totals (compressed)
     32908       1394       2040       1140          0          0   ROM Totals

==============================================================================

    Total RO  Size (Code + RO Data)                34948 (  34.13kB)
    Total RW  Size (RW Data + ZI Data)              9168 (   8.95kB)
    Total ROM Size (Code + RO Data + RW Data)      36088 (  35.24kB)

==============================================================================

